../bsp/ds1307.c:20:9:ds1307_init	16	static
../bsp/ds1307.c:45:6:ds1307_set_current_time	24	static
../bsp/ds1307.c:70:6:ds1307_get_current_time	24	static
../bsp/ds1307.c:97:6:ds1307_set_current_date	16	static
../bsp/ds1307.c:104:6:ds1307_get_current_date	16	static
../bsp/ds1307.c:112:13:ds1307_i2c_pin_config	32	static
../bsp/ds1307.c:141:13:ds1307_i2c_config	8	static
../bsp/ds1307.c:150:13:ds1307_write	32	static
../bsp/ds1307.c:159:16:ds1307_read	32	static
../bsp/ds1307.c:169:16:binary_to_bcd	24	static
../bsp/ds1307.c:184:16:bcd_to_binary	24	static
