../bsp/lcd.c:15:13:lcd_pin_config	24	static
../bsp/lcd.c:56:13:lcd_enable	8	static
../bsp/lcd.c:63:13:write_4_bits	16	static
../bsp/lcd.c:74:6:lcd_init	8	static
../bsp/lcd.c:115:6:lcd_send_command	16	static
../bsp/lcd.c:129:6:lcd_print_char	16	static
../bsp/lcd.c:139:6:lcd_display_clear	8	static
../bsp/lcd.c:145:6:lcd_display_return_home	8	static
../bsp/lcd.c:150:6:lcd_print_string	16	static
../bsp/lcd.c:158:6:lcd_set_cursor	16	static
../bsp/lcd.c:176:13:mdelay	24	static
../bsp/lcd.c:181:13:udelay	24	static
