Archive member included to satisfy reference by file (symbol)

c:/st/stm32cubeide_1.10.1/stm32cubeide/plugins/com.st.stm32cube.ide.mcu.externaltools.gnu-tools-for-stm32.10.3-2021.10.win32_1.0.0.202111181127/tools/bin/../lib/gcc/arm-none-eabi/10.3.1/../../../../arm-none-eabi/lib/thumb/v7e-m+fp/hard\libc_nano.a(lib_a-errno.o)
                              ./Src/syscalls.o (__errno)
c:/st/stm32cubeide_1.10.1/stm32cubeide/plugins/com.st.stm32cube.ide.mcu.externaltools.gnu-tools-for-stm32.10.3-2021.10.win32_1.0.0.202111181127/tools/bin/../lib/gcc/arm-none-eabi/10.3.1/../../../../arm-none-eabi/lib/thumb/v7e-m+fp/hard\libc_nano.a(lib_a-exit.o)
                              c:/st/stm32cubeide_1.10.1/stm32cubeide/plugins/com.st.stm32cube.ide.mcu.externaltools.gnu-tools-for-stm32.10.3-2021.10.win32_1.0.0.202111181127/tools/bin/../lib/gcc/arm-none-eabi/10.3.1/../../../../arm-none-eabi/lib/thumb/v7e-m+fp/hard/crt0.o (exit)
c:/st/stm32cubeide_1.10.1/stm32cubeide/plugins/com.st.stm32cube.ide.mcu.externaltools.gnu-tools-for-stm32.10.3-2021.10.win32_1.0.0.202111181127/tools/bin/../lib/gcc/arm-none-eabi/10.3.1/../../../../arm-none-eabi/lib/thumb/v7e-m+fp/hard\libc_nano.a(lib_a-impure.o)
                              c:/st/stm32cubeide_1.10.1/stm32cubeide/plugins/com.st.stm32cube.ide.mcu.externaltools.gnu-tools-for-stm32.10.3-2021.10.win32_1.0.0.202111181127/tools/bin/../lib/gcc/arm-none-eabi/10.3.1/../../../../arm-none-eabi/lib/thumb/v7e-m+fp/hard\libc_nano.a(lib_a-exit.o) (_global_impure_ptr)
c:/st/stm32cubeide_1.10.1/stm32cubeide/plugins/com.st.stm32cube.ide.mcu.externaltools.gnu-tools-for-stm32.10.3-2021.10.win32_1.0.0.202111181127/tools/bin/../lib/gcc/arm-none-eabi/10.3.1/../../../../arm-none-eabi/lib/thumb/v7e-m+fp/hard\libc_nano.a(lib_a-init.o)
                              c:/st/stm32cubeide_1.10.1/stm32cubeide/plugins/com.st.stm32cube.ide.mcu.externaltools.gnu-tools-for-stm32.10.3-2021.10.win32_1.0.0.202111181127/tools/bin/../lib/gcc/arm-none-eabi/10.3.1/../../../../arm-none-eabi/lib/thumb/v7e-m+fp/hard/crt0.o (__libc_init_array)
c:/st/stm32cubeide_1.10.1/stm32cubeide/plugins/com.st.stm32cube.ide.mcu.externaltools.gnu-tools-for-stm32.10.3-2021.10.win32_1.0.0.202111181127/tools/bin/../lib/gcc/arm-none-eabi/10.3.1/../../../../arm-none-eabi/lib/thumb/v7e-m+fp/hard\libc_nano.a(lib_a-memset.o)
                              c:/st/stm32cubeide_1.10.1/stm32cubeide/plugins/com.st.stm32cube.ide.mcu.externaltools.gnu-tools-for-stm32.10.3-2021.10.win32_1.0.0.202111181127/tools/bin/../lib/gcc/arm-none-eabi/10.3.1/../../../../arm-none-eabi/lib/thumb/v7e-m+fp/hard/crt0.o (memset)
c:/st/stm32cubeide_1.10.1/stm32cubeide/plugins/com.st.stm32cube.ide.mcu.externaltools.gnu-tools-for-stm32.10.3-2021.10.win32_1.0.0.202111181127/tools/bin/../lib/gcc/arm-none-eabi/10.3.1/../../../../arm-none-eabi/lib/thumb/v7e-m+fp/hard\libc_nano.a(lib_a-printf.o)
                              ./bsp/rtclcd.o (printf)
c:/st/stm32cubeide_1.10.1/stm32cubeide/plugins/com.st.stm32cube.ide.mcu.externaltools.gnu-tools-for-stm32.10.3-2021.10.win32_1.0.0.202111181127/tools/bin/../lib/gcc/arm-none-eabi/10.3.1/../../../../arm-none-eabi/lib/thumb/v7e-m+fp/hard\libc_nano.a(lib_a-puts.o)
                              ./bsp/rtclcd.o (puts)
c:/st/stm32cubeide_1.10.1/stm32cubeide/plugins/com.st.stm32cube.ide.mcu.externaltools.gnu-tools-for-stm32.10.3-2021.10.win32_1.0.0.202111181127/tools/bin/../lib/gcc/arm-none-eabi/10.3.1/../../../../arm-none-eabi/lib/thumb/v7e-m+fp/hard\libc_nano.a(lib_a-wbuf.o)
                              c:/st/stm32cubeide_1.10.1/stm32cubeide/plugins/com.st.stm32cube.ide.mcu.externaltools.gnu-tools-for-stm32.10.3-2021.10.win32_1.0.0.202111181127/tools/bin/../lib/gcc/arm-none-eabi/10.3.1/../../../../arm-none-eabi/lib/thumb/v7e-m+fp/hard\libc_nano.a(lib_a-puts.o) (__swbuf_r)
c:/st/stm32cubeide_1.10.1/stm32cubeide/plugins/com.st.stm32cube.ide.mcu.externaltools.gnu-tools-for-stm32.10.3-2021.10.win32_1.0.0.202111181127/tools/bin/../lib/gcc/arm-none-eabi/10.3.1/../../../../arm-none-eabi/lib/thumb/v7e-m+fp/hard\libc_nano.a(lib_a-wsetup.o)
                              c:/st/stm32cubeide_1.10.1/stm32cubeide/plugins/com.st.stm32cube.ide.mcu.externaltools.gnu-tools-for-stm32.10.3-2021.10.win32_1.0.0.202111181127/tools/bin/../lib/gcc/arm-none-eabi/10.3.1/../../../../arm-none-eabi/lib/thumb/v7e-m+fp/hard\libc_nano.a(lib_a-puts.o) (__swsetup_r)
c:/st/stm32cubeide_1.10.1/stm32cubeide/plugins/com.st.stm32cube.ide.mcu.externaltools.gnu-tools-for-stm32.10.3-2021.10.win32_1.0.0.202111181127/tools/bin/../lib/gcc/arm-none-eabi/10.3.1/../../../../arm-none-eabi/lib/thumb/v7e-m+fp/hard\libc_nano.a(lib_a-fflush.o)
                              c:/st/stm32cubeide_1.10.1/stm32cubeide/plugins/com.st.stm32cube.ide.mcu.externaltools.gnu-tools-for-stm32.10.3-2021.10.win32_1.0.0.202111181127/tools/bin/../lib/gcc/arm-none-eabi/10.3.1/../../../../arm-none-eabi/lib/thumb/v7e-m+fp/hard\libc_nano.a(lib_a-wbuf.o) (_fflush_r)
[...]
Memory Configuration

Name             Origin             Length             Attributes
CCMRAM           0x0000000010000000 0x0000000000010000 xrw
RAM              0x0000000020000000 0x0000000000020000 xrw
FLASH            0x0000000008000000 0x0000000000100000 xr
*default*        0x0000000000000000 0xffffffffffffffff

Linker script and memory map

LOAD c:/st/stm32cubeide_1.10.1/stm32cubeide/plugins/com.st.stm32cube.ide.mcu.externaltools.gnu-tools-for-stm32.10.3-2021.10.win32_1.0.0.202111181127/tools/bin/../lib/gcc/arm-none-eabi/10.3.1/thumb/v7e-m+fp/hard/crti.o
LOAD c:/st/stm32cubeide_1.10.1/stm32cubeide/plugins/com.st.stm32cube.ide.mcu.externaltools.gnu-tools-for-stm32.10.3-2021.10.win32_1.0.0.202111181127/tools/bin/../lib/gcc/arm-none-eabi/10.3.1/thumb/v7e-m+fp/hard/crtbegin.o
LOAD c:/st/stm32cubeide_1.10.1/stm32cubeide/plugins/com.st.stm32cube.ide.mcu.externaltools.gnu-tools-for-stm32.10.3-2021.10.win32_1.0.0.202111181127/tools/bin/../lib/gcc/arm-none-eabi/10.3.1/../../../../arm-none-eabi/lib/thumb/v7e-m+fp/hard/crt0.o
LOAD ./Src/syscalls.o
LOAD ./Src/sysmem.o
LOAD ./Startup/startup_stm32f407vgtx.o
LOAD ./bsp/ds1307.o
LOAD ./bsp/lcd.o
LOAD ./bsp/rtclcd.o
LOAD ./drivers/Src/stm32f407xx_gpio_driver.o
LOAD ./drivers/Src/stm32f407xx_i2c_driver.o
LOAD ./drivers/Src/stm32f407xx_rcc_driver.o
LOAD ./drivers/Src/stm32f407xx_spi_driver.o
LOAD ./drivers/Src/stm32f407xx_usart_driver.o
START GROUP
LOAD c:/st/stm32cubeide_1.10.1/stm32cubeide/plugins/com.st.stm32cube.ide.mcu.externaltools.gnu-tools-for-stm32.10.3-2021.10.win32_1.0.0.202111181127/tools/bin/../lib/gcc/arm-none-eabi/10.3.1/../../../../arm-none-eabi/lib/thumb/v7e-m+fp/hard\libc_nano.a
LOAD c:/st/stm32cubeide_1.10.1/stm32cubeide/plugins/com.st.stm32cube.ide.mcu.externaltools.gnu-tools-for-stm32.10.3-2021.10.win32_1.0.0.202111181127/tools/bin/../lib/gcc/arm-none-eabi/10.3.1/../../../../arm-none-eabi/lib/thumb/v7e-m+fp/hard\libm.a
END GROUP
START GROUP
LOAD c:/st/stm32cubeide_1.10.1/stm32cubeide/plugins/com.st.stm32cube.ide.mcu.externaltools.gnu-tools-for-stm32.10.3-2021.10.win32_1.0.0.202111181127/tools/bin/../lib/gcc/arm-none-eabi/10.3.1/thumb/v7e-m+fp/hard\libgcc.a
LOAD c:/st/stm32cubeide_1.10.1/stm32cubeide/plugins/com.st.stm32cube.ide.mcu.externaltools.gnu-tools-for-stm32.10.3-2021.10.win32_1.0.0.202111181127/tools/bin/../lib/gcc/arm-none-eabi/10.3.1/../../../../arm-none-eabi/lib/thumb/v7e-m+fp/hard\libc_nano.a
END GROUP
START GROUP
LOAD c:/st/stm32cubeide_1.10.1/stm32cubeide/plugins/com.st.stm32cube.ide.mcu.externaltools.gnu-tools-for-stm32.10.3-2021.10.win32_1.0.0.202111181127/tools/bin/../lib/gcc/arm-none-eabi/10.3.1/thumb/v7e-m+fp/hard\libgcc.a
LOAD c:/st/stm32cubeide_1.10.1/stm32cubeide/plugins/com.st.stm32cube.ide.mcu.externaltools.gnu-tools-for-stm32.10.3-2021.10.win32_1.0.0.202111181127/tools/bin/../lib/gcc/arm-none-eabi/10.3.1/../../../../arm-none-eabi/lib/thumb/v7e-m+fp/hard\libc_nano.a
LOAD c:/st/stm32cubeide_1.10.1/stm32cubeide/plugins/com.st.stm32cube.ide.mcu.externaltools.gnu-tools-for-stm32.10.3-2021.10.win32_1.0.0.202111181127/tools/bin/../lib/gcc/arm-none-eabi/10.3.1/../../../../arm-none-eabi/lib/thumb/v7e-m+fp/hard\libnosys.a
END GROUP
START GROUP
LOAD c:/st/stm32cubeide_1.10.1/stm32cubeide/plugins/com.st.stm32cube.ide.mcu.externaltools.gnu-tools-for-stm32.10.3-2021.10.win32_1.0.0.202111181127/tools/bin/../lib/gcc/arm-none-eabi/10.3.1/thumb/v7e-m+fp/hard\libgcc.a
LOAD c:/st/stm32cubeide_1.10.1/stm32cubeide/plugins/com.st.stm32cube.ide.mcu.externaltools.gnu-tools-for-stm32.10.3-2021.10.win32_1.0.0.202111181127/tools/bin/../lib/gcc/arm-none-eabi/10.3.1/../../../../arm-none-eabi/lib/thumb/v7e-m+fp/hard\libc_nano.a
LOAD c:/st/stm32cubeide_1.10.1/stm32cubeide/plugins/com.st.stm32cube.ide.mcu.externaltools.gnu-tools-for-stm32.10.3-2021.10.win32_1.0.0.202111181127/tools/bin/../lib/gcc/arm-none-eabi/10.3.1/../../../../arm-none-eabi/lib/thumb/v7e-m+fp/hard\libnosys.a
END GROUP
LOAD c:/st/stm32cubeide_1.10.1/stm32cubeide/plugins/com.st.stm32cube.ide.mcu.externaltools.gnu-tools-for-stm32.10.3-2021.10.win32_1.0.0.202111181127/tools/bin/../lib/gcc/arm-none-eabi/10.3.1/thumb/v7e-m+fp/hard/crtend.o
LOAD c:/st/stm32cubeide_1.10.1/stm32cubeide/plugins/com.st.stm32cube.ide.mcu.externaltools.gnu-tools-for-stm32.10.3-2021.10.win32_1.0.0.202111181127/tools/bin/../lib/gcc/arm-none-eabi/10.3.1/thumb/v7e-m+fp/hard/crtn.o
                0x0000000020020000                _estack = (ORIGIN (RAM) + LENGTH (RAM))
                0x0000000000000200                _Min_Heap_Size = 0x200
                0x0000000000000400                _Min_Stack_Size = 0x400

.isr_vector     0x0000000008000000      0x1a8
                0x0000000008000000                . = ALIGN (0x4)
 *(.isr_vector)
 .isr_vector    0x0000000008000000      0x1a8 ./Startup/startup_stm32f407vgtx.o
                0x0000000008000000                g_pfnVectors
                0x00000000080001a8                . = ALIGN (0x4)

.text           0x00000000080001b0     0x2908
                0x00000000080001b0                . = ALIGN (0x4)
 *(.text)
 .text          0x00000000080001b0       0x40 c:/st/stm32cubeide_1.10.1/stm32cubeide/plugins/com.st.stm32cube.ide.mcu.externaltools.gnu-tools-for-stm32.10.3-2021.10.win32_1.0.0.202111181127/tools/bin/../lib/gcc/arm-none-eabi/10.3.1/thumb/v7e-m+fp/hard/crtbegin.o
 .text          0x00000000080001f0       0xa0 c:/st/stm32cubeide_1.10.1/stm32cubeide/plugins/com.st.stm32cube.ide.mcu.externaltools.gnu-tools-for-stm32.10.3-2021.10.win32_1.0.0.202111181127/tools/bin/../lib/gcc/arm-none-eabi/10.3.1/../../../../arm-none-eabi/lib/thumb/v7e-m+fp/hard\libc_nano.a(lib_a-memchr.o)
                0x00000000080001f0                memchr
 *(.text*)
 .text.ITM_SendChar
                0x0000000008000290       0x50 ./Src/syscalls.o
                0x0000000008000290                ITM_SendChar
 .text._read    0x00000000080002e0       0x3a ./Src/syscalls.o
                0x00000000080002e0                _read
 .text._write   0x000000000800031a       0x38 ./Src/syscalls.o
                0x000000000800031a                _write
 .text._close   0x0000000008000352       0x18 ./Src/syscalls.o
                0x0000000008000352                _close
 .text._fstat   0x000000000800036a       0x20 ./Src/syscalls.o
                0x000000000800036a                _fstat
 .text._isatty  0x000000000800038a       0x16 ./Src/syscalls.o
                0x000000000800038a                _isatty
 .text._lseek   0x00000000080003a0       0x1a ./Src/syscalls.o
                0x00000000080003a0                _lseek
 *fill*         0x00000000080003ba        0x2 
 .text._sbrk    0x00000000080003bc       0x6c ./Src/sysmem.o
                0x00000000080003bc                _sbrk
 .text.Reset_Handler
                0x0000000008000428       0x50 ./Startup/startup_stm32f407vgtx.o
                0x0000000008000428                Reset_Handler
 .text.Default_Handler
                0x0000000008000478        0x2 ./Startup/startup_stm32f407vgtx.o
                0x0000000008000478                RTC_Alarm_IRQHandler
                0x0000000008000478                HASH_RNG_IRQHandler
                0x0000000008000478                EXTI2_IRQHandler
                0x0000000008000478                TIM8_CC_IRQHandler
                0x0000000008000478                DebugMon_Handler
                0x0000000008000478                TIM1_CC_IRQHandler
                0x0000000008000478                DMA2_Stream5_IRQHandler
                0x0000000008000478                HardFault_Handler
                0x0000000008000478                DMA1_Stream5_IRQHandler
                0x0000000008000478                PVD_IRQHandler
                0x0000000008000478                SDIO_IRQHandler
                0x0000000008000478                TAMP_STAMP_IRQHandler
                0x0000000008000478                PendSV_Handler
                0x0000000008000478                NMI_Handler
                0x0000000008000478                CAN2_RX1_IRQHandler
                0x0000000008000478                EXTI3_IRQHandler
                0x0000000008000478                TIM8_TRG_COM_TIM14_IRQHandler
                0x0000000008000478                TIM1_UP_TIM10_IRQHandler
                0x0000000008000478                TIM8_UP_TIM13_IRQHandler
                0x0000000008000478                I2C3_ER_IRQHandler
                0x0000000008000478                LCD_TFT_IRQHandler
                0x0000000008000478                EXTI0_IRQHandler
                0x0000000008000478                I2C2_EV_IRQHandler
                0x0000000008000478                DMA1_Stream2_IRQHandler
                0x0000000008000478                CAN1_RX0_IRQHandler
                0x0000000008000478                FPU_IRQHandler
                0x0000000008000478                OTG_HS_WKUP_IRQHandler
                0x0000000008000478                UsageFault_Handler
                0x0000000008000478                CAN2_SCE_IRQHandler
                0x0000000008000478                DMA2_Stream2_IRQHandler
                0x0000000008000478                SPI1_IRQHandler
                0x0000000008000478                TIM6_DAC_IRQHandler
                0x0000000008000478                TIM1_BRK_TIM9_IRQHandler
                0x0000000008000478                DCMI_IRQHandler
                0x0000000008000478                CAN2_RX0_IRQHandler
                0x0000000008000478                DMA2_Stream3_IRQHandler
                0x0000000008000478                USART6_IRQHandler
                0x0000000008000478                USART3_IRQHandler
                0x0000000008000478                CRYP_IRQHandler
                0x0000000008000478                CAN1_RX1_IRQHandler
                0x0000000008000478                UART5_IRQHandler
                0x0000000008000478                DMA2_Stream0_IRQHandler
                0x0000000008000478                TIM4_IRQHandler
                0x0000000008000478                I2C1_EV_IRQHandler
                0x0000000008000478                DMA1_Stream6_IRQHandler
                0x0000000008000478                DMA1_Stream1_IRQHandler
                0x0000000008000478                UART4_IRQHandler
                0x0000000008000478                LCD_TFT_1_IRQHandler
                0x0000000008000478                TIM3_IRQHandler
                0x0000000008000478                RCC_IRQHandler
                0x0000000008000478                TIM8_BRK_TIM12_IRQHandler
                0x0000000008000478                Default_Handler
                0x0000000008000478                EXTI15_10_IRQHandler
                0x0000000008000478                ADC_IRQHandler
                0x0000000008000478                DMA1_Stream7_IRQHandler
                0x0000000008000478                TIM7_IRQHandler
                0x0000000008000478                CAN2_TX_IRQHandler
                0x0000000008000478                TIM5_IRQHandler
                0x0000000008000478                DMA2_Stream7_IRQHandler
                0x0000000008000478                I2C3_EV_IRQHandler
                0x0000000008000478                EXTI9_5_IRQHandler
                0x0000000008000478                RTC_WKUP_IRQHandler
                0x0000000008000478                ETH_WKUP_IRQHandler
                0x0000000008000478                SPI2_IRQHandler
                0x0000000008000478                OTG_HS_EP1_IN_IRQHandler
                0x0000000008000478                MemManage_Handler
                0x0000000008000478                DMA1_Stream0_IRQHandler
                0x0000000008000478                CAN1_TX_IRQHandler
                0x0000000008000478                SVC_Handler
                0x0000000008000478                EXTI4_IRQHandler
                0x0000000008000478                FSMC_IRQHandler
                0x0000000008000478                ETH_IRQHandler
                0x0000000008000478                OTG_HS_EP1_OUT_IRQHandler
                0x0000000008000478                WWDG_IRQHandler
                0x0000000008000478                TIM2_IRQHandler
                0x0000000008000478                OTG_FS_WKUP_IRQHandler
                0x0000000008000478                TIM1_TRG_COM_TIM11_IRQHandler
                0x0000000008000478                OTG_HS_IRQHandler
                0x0000000008000478                EXTI1_IRQHandler
                0x0000000008000478                USART2_IRQHandler
                0x0000000008000478                I2C2_ER_IRQHandler
                0x0000000008000478                DMA2_Stream1_IRQHandler
                0x0000000008000478                CAN1_SCE_IRQHandler
                0x0000000008000478                DMA2_Stream4_IRQHandler
                0x0000000008000478                BusFault_Handler
                0x0000000008000478                USART1_IRQHandler
                0x0000000008000478                OTG_FS_IRQHandler
                0x0000000008000478                SPI3_IRQHandler
                0x0000000008000478                DMA1_Stream4_IRQHandler
                0x0000000008000478                I2C1_ER_IRQHandler
                0x0000000008000478                DMA2_Stream6_IRQHandler
                0x0000000008000478                DMA1_Stream3_IRQHandler
 *fill*         0x000000000800047a        0x2 
 .text.ds1307_init
                0x000000000800047c       0x3c ./bsp/ds1307.o
                0x000000000800047c                ds1307_init
 .text.ds1307_set_current_time
                0x00000000080004b8       0x92 ./bsp/ds1307.o
                0x00000000080004b8                ds1307_set_current_time
 .text.ds1307_get_current_time
                0x000000000800054a       0x92 ./bsp/ds1307.o
                0x000000000800054a                ds1307_get_current_time
 .text.ds1307_set_current_date
                0x00000000080005dc       0x60 ./bsp/ds1307.o
                0x00000000080005dc                ds1307_set_current_date
 .text.ds1307_get_current_date
                0x000000000800063c       0x68 ./bsp/ds1307.o
                0x000000000800063c                ds1307_get_current_date
 .text.ds1307_i2c_pin_config
                0x00000000080006a4       0x78 ./bsp/ds1307.o
 .text.ds1307_i2c_config
                0x000000000800071c       0x2c ./bsp/ds1307.o
 .text.ds1307_write
                0x0000000008000748       0x38 ./bsp/ds1307.o
 .text.ds1307_read
                0x0000000008000780       0x3c ./bsp/ds1307.o
 .text.binary_to_bcd
                0x00000000080007bc       0x58 ./bsp/ds1307.o
 .text.bcd_to_binary
                0x0000000008000814       0x38 ./bsp/ds1307.o
 .text.lcd_send_command
                0x000000000800084c       0x44 ./bsp/lcd.o
                0x000000000800084c                lcd_send_command
 .text.lcd_print_char
                0x0000000008000890       0x44 ./bsp/lcd.o
                0x0000000008000890                lcd_print_char
 .text.lcd_print_string
                0x00000000080008d4       0x28 ./bsp/lcd.o
                0x00000000080008d4                lcd_print_string
 .text.lcd_init
                0x00000000080008fc      0x114 ./bsp/lcd.o
                0x00000000080008fc                lcd_init
 .text.write_4_bits
                0x0000000008000a10       0x70 ./bsp/lcd.o
 .text.lcd_display_clear
                0x0000000008000a80       0x14 ./bsp/lcd.o
                0x0000000008000a80                lcd_display_clear
 .text.lcd_display_return_home
                0x0000000008000a94       0x14 ./bsp/lcd.o
                0x0000000008000a94                lcd_display_return_home
 .text.lcd_set_cursor
                0x0000000008000aa8       0x4e ./bsp/lcd.o
                0x0000000008000aa8                lcd_set_cursor
 *fill*         0x0000000008000af6        0x2 
 .text.lcd_enable
                0x0000000008000af8       0x2c ./bsp/lcd.o
 .text.mdelay   0x0000000008000b24       0x32 ./bsp/lcd.o
 .text.udelay   0x0000000008000b56       0x2a ./bsp/lcd.o
 .text.init_systick_timer
                0x0000000008000b80       0x6c ./bsp/rtclcd.o
                0x0000000008000b80                init_systick_timer
 .text.get_day_of_week
                0x0000000008000bec       0x3c ./bsp/rtclcd.o
                0x0000000008000bec                get_day_of_week
 .text.number_to_string
                0x0000000008000c28       0x78 ./bsp/rtclcd.o
                0x0000000008000c28                number_to_string
 .text.time_to_string
                0x0000000008000ca0       0x54 ./bsp/rtclcd.o
                0x0000000008000ca0                time_to_string
 .text.date_to_string
                0x0000000008000cf4       0x54 ./bsp/rtclcd.o
                0x0000000008000cf4                date_to_string
 .text.mdelay   0x0000000008000d48       0x32 ./bsp/rtclcd.o
 *fill*         0x0000000008000d7a        0x2 
 .text.main     0x0000000008000d7c      0x144 ./bsp/rtclcd.o
                0x0000000008000d7c                main
 .text.SysTick_Handler
                0x0000000008000ec0      0x100 ./bsp/rtclcd.o
                0x0000000008000ec0                SysTick_Handler
 .text.GPIO_PeriClockControl
                0x0000000008000fc0      0x10c ./drivers/Src/stm32f407xx_gpio_driver.o
                0x0000000008000fc0                GPIO_PeriClockControl
 .text.GPIO_Init
                0x00000000080010cc      0x31c ./drivers/Src/stm32f407xx_gpio_driver.o
                0x00000000080010cc                GPIO_Init
 .text.GPIO_WriteToOutputPin
                0x00000000080013e8       0x4a ./drivers/Src/stm32f407xx_gpio_driver.o
                0x00000000080013e8                GPIO_WriteToOutputPin
 .text.I2C_GenerateStartCondition
                0x0000000008001432       0x20 ./drivers/Src/stm32f407xx_i2c_driver.o
 .text.I2C_ExecuteAddressPhaseWrite
                0x0000000008001452       0x2c ./drivers/Src/stm32f407xx_i2c_driver.o
 .text.I2C_ExecuteAddressPhaseRead
                0x000000000800147e       0x2c ./drivers/Src/stm32f407xx_i2c_driver.o
 .text.I2C_ClearADDRFlag
                0x00000000080014aa       0x76 ./drivers/Src/stm32f407xx_i2c_driver.o
 .text.I2C_GenerateStopCondition
                0x0000000008001520       0x20 ./drivers/Src/stm32f407xx_i2c_driver.o
                0x0000000008001520                I2C_GenerateStopCondition
 .text.I2C_PeriClockControl
                0x0000000008001540       0x70 ./drivers/Src/stm32f407xx_i2c_driver.o
                0x0000000008001540                I2C_PeriClockControl
 .text.I2C_Init
                0x00000000080015b0      0x160 ./drivers/Src/stm32f407xx_i2c_driver.o
                0x00000000080015b0                I2C_Init
 .text.I2C_MasterSendData
                0x0000000008001710       0xc6 ./drivers/Src/stm32f407xx_i2c_driver.o
                0x0000000008001710                I2C_MasterSendData
 .text.I2C_MasterReceiveData
                0x00000000080017d6      0x11c ./drivers/Src/stm32f407xx_i2c_driver.o
                0x00000000080017d6                I2C_MasterReceiveData
 .text.I2C_PeripheralControl
                0x00000000080018f2       0x38 ./drivers/Src/stm32f407xx_i2c_driver.o
                0x00000000080018f2                I2C_PeripheralControl
 .text.I2C_GetFlagStatus
                0x000000000800192a       0x28 ./drivers/Src/stm32f407xx_i2c_driver.o
                0x000000000800192a                I2C_GetFlagStatus
 .text.I2C_ManageAcking
                0x0000000008001952       0x38 ./drivers/Src/stm32f407xx_i2c_driver.o
                0x0000000008001952                I2C_ManageAcking
 *fill*         0x000000000800198a        0x2 
 .text.RCC_GetPCLK1Value
                0x000000000800198c       0xa8 ./drivers/Src/stm32f407xx_rcc_driver.o
                0x000000000800198c                RCC_GetPCLK1Value
 .text.__errno  0x0000000008001a34        0xc c:/st/stm32cubeide_1.10.1/stm32cubeide/plugins/com.st.stm32cube.ide.mcu.externaltools.gnu-tools-for-stm32.10.3-2021.10.win32_1.0.0.202111181127/tools/bin/../lib/gcc/arm-none-eabi/10.3.1/../../../../arm-none-eabi/lib/thumb/v7e-m+fp/hard\libc_nano.a(lib_a-errno.o)
                0x0000000008001a34                __errno
 .text.__libc_init_array
                0x0000000008001a40       0x48 c:/st/stm32cubeide_1.10.1/stm32cubeide/plugins/com.st.stm32cube.ide.mcu.externaltools.gnu-tools-for-stm32.10.3-2021.10.win32_1.0.0.202111181127/tools/bin/../lib/gcc/arm-none-eabi/10.3.1/../../../../arm-none-eabi/lib/thumb/v7e-m+fp/hard\libc_nano.a(lib_a-init.o)
                0x0000000008001a40                __libc_init_array
 .text.memset   0x0000000008001a88       0x10 c:/st/stm32cubeide_1.10.1/stm32cubeide/plugins/com.st.stm32cube.ide.mcu.externaltools.gnu-tools-for-stm32.10.3-2021.10.win32_1.0.0.202111181127/tools/bin/../lib/gcc/arm-none-eabi/10.3.1/../../../../arm-none-eabi/lib/thumb/v7e-m+fp/hard\libc_nano.a(lib_a-memset.o)
                0x0000000008001a88                memset
 .text.printf   0x0000000008001a98       0x30 c:/st/stm32cubeide_1.10.1/stm32cubeide/plugins/com.st.stm32cube.ide.mcu.externaltools.gnu-tools-for-stm32.10.3-2021.10.win32_1.0.0.202111181127/tools/bin/../lib/gcc/arm-none-eabi/10.3.1/../../../../arm-none-eabi/lib/thumb/v7e-m+fp/hard\libc_nano.a(lib_a-printf.o)
                0x0000000008001a98                iprintf
                0x0000000008001a98                printf
 .text._puts_r  0x0000000008001ac8       0xdc c:/st/stm32cubeide_1.10.1/stm32cubeide/plugins/com.st.stm32cube.ide.mcu.externaltools.gnu-tools-for-stm32.10.3-2021.10.win32_1.0.0.202111181127/tools/bin/../lib/gcc/arm-none-eabi/10.3.1/../../../../arm-none-eabi/lib/thumb/v7e-m+fp/hard\libc_nano.a(lib_a-puts.o)
                0x0000000008001ac8                _puts_r
 .text.puts     0x0000000008001ba4       0x10 c:/st/stm32cubeide_1.10.1/stm32cubeide/plugins/com.st.stm32cube.ide.mcu.externaltools.gnu-tools-for-stm32.10.3-2021.10.win32_1.0.0.202111181127/tools/bin/../lib/gcc/arm-none-eabi/10.3.1/../../../../arm-none-eabi/lib/thumb/v7e-m+fp/hard\libc_nano.a(lib_a-puts.o)
                0x0000000008001ba4                puts
 .text.__swbuf_r
                0x0000000008001bb4       0xa4 c:/st/stm32cubeide_1.10.1/stm32cubeide/plugins/com.st.stm32cube.ide.mcu.externaltools.gnu-tools-for-stm32.10.3-2021.10.win32_1.0.0.202111181127/tools/bin/../lib/gcc/arm-none-eabi/10.3.1/../../../../arm-none-eabi/lib/thumb/v7e-m+fp/hard\libc_nano.a(lib_a-wbuf.o)
                0x0000000008001bb4                __swbuf_r
 .text.__swsetup_r
                0x0000000008001c58       0xdc c:/st/stm32cubeide_1.10.1/stm32cubeide/plugins/com.st.stm32cube.ide.mcu.externaltools.gnu-tools-for-stm32.10.3-2021.10.win32_1.0.0.202111181127/tools/bin/../lib/gcc/arm-none-eabi/10.3.1/../../../../arm-none-eabi/lib/thumb/v7e-m+fp/hard\libc_nano.a(lib_a-wsetup.o)
                0x0000000008001c58                __swsetup_r
 .text.__sflush_r
                0x0000000008001d34      0x10c c:/st/stm32cubeide_1.10.1/stm32cubeide/plugins/com.st.stm32cube.ide.mcu.externaltools.gnu-tools-for-stm32.10.3-2021.10.win32_1.0.0.202111181127/tools/bin/../lib/gcc/arm-none-eabi/10.3.1/../../../../arm-none-eabi/lib/thumb/v7e-m+fp/hard\libc_nano.a(lib_a-fflush.o)
                0x0000000008001d34                __sflush_r
 .text._fflush_r
                0x0000000008001e40       0x78 c:/st/stm32cubeide_1.10.1/stm32cubeide/plugins/com.st.stm32cube.ide.mcu.externaltools.gnu-tools-for-stm32.10.3-2021.10.win32_1.0.0.202111181127/tools/bin/../lib/gcc/arm-none-eabi/10.3.1/../../../../arm-none-eabi/lib/thumb/v7e-m+fp/hard\libc_nano.a(lib_a-fflush.o)
                0x0000000008001e40                _fflush_r
 .text.std      0x0000000008001eb8       0x48 c:/st/stm32cubeide_1.10.1/stm32cubeide/plugins/com.st.stm32cube.ide.mcu.externaltools.gnu-tools-for-stm32.10.3-2021.10.win32_1.0.0.202111181127/tools/bin/../lib/gcc/arm-none-eabi/10.3.1/../../../../arm-none-eabi/lib/thumb/v7e-m+fp/hard\libc_nano.a(lib_a-findfp.o)
 .text._cleanup_r
                0x0000000008001f00        0xc c:/st/stm32cubeide_1.10.1/stm32cubeide/plugins/com.st.stm32cube.ide.mcu.externaltools.gnu-tools-for-stm32.10.3-2021.10.win32_1.0.0.202111181127/tools/bin/../lib/gcc/arm-none-eabi/10.3.1/../../../../arm-none-eabi/lib/thumb/v7e-m+fp/hard\libc_nano.a(lib_a-findfp.o)
                0x0000000008001f00                _cleanup_r
 .text.__sfmoreglue
                0x0000000008001f0c       0x2c c:/st/stm32cubeide_1.10.1/stm32cubeide/plugins/com.st.stm32cube.ide.mcu.externaltools.gnu-tools-for-stm32.10.3-2021.10.win32_1.0.0.202111181127/tools/bin/../lib/gcc/arm-none-eabi/10.3.1/../../../../arm-none-eabi/lib/thumb/v7e-m+fp/hard\libc_nano.a(lib_a-findfp.o)
                0x0000000008001f0c                __sfmoreglue
 .text.__sfp_lock_acquire
                0x0000000008001f38        0xc c:/st/stm32cubeide_1.10.1/stm32cubeide/plugins/com.st.stm32cube.ide.mcu.externaltools.gnu-tools-for-stm32.10.3-2021.10.win32_1.0.0.202111181127/tools/bin/../lib/gcc/arm-none-eabi/10.3.1/../../../../arm-none-eabi/lib/thumb/v7e-m+fp/hard\libc_nano.a(lib_a-findfp.o)
                0x0000000008001f38                __sfp_lock_acquire
 .text.__sfp_lock_release
                0x0000000008001f44        0xc c:/st/stm32cubeide_1.10.1/stm32cubeide/plugins/com.st.stm32cube.ide.mcu.externaltools.gnu-tools-for-stm32.10.3-2021.10.win32_1.0.0.202111181127/tools/bin/../lib/gcc/arm-none-eabi/10.3.1/../../../../arm-none-eabi/lib/thumb/v7e-m+fp/hard\libc_nano.a(lib_a-findfp.o)
                0x0000000008001f44                __sfp_lock_release
 .text.__sinit_lock_acquire
                0x0000000008001f50        0xc c:/st/stm32cubeide_1.10.1/stm32cubeide/plugins/com.st.stm32cube.ide.mcu.externaltools.gnu-tools-for-stm32.10.3-2021.10.win32_1.0.0.202111181127/tools/bin/../lib/gcc/arm-none-eabi/10.3.1/../../../../arm-none-eabi/lib/thumb/v7e-m+fp/hard\libc_nano.a(lib_a-findfp.o)
                0x0000000008001f50                __sinit_lock_acquire
 .text.__sinit_lock_release
                0x0000000008001f5c        0xc c:/st/stm32cubeide_1.10.1/stm32cubeide/plugins/com.st.stm32cube.ide.mcu.externaltools.gnu-tools-for-stm32.10.3-2021.10.win32_1.0.0.202111181127/tools/bin/../lib/gcc/arm-none-eabi/10.3.1/../../../../arm-none-eabi/lib/thumb/v7e-m+fp/hard\libc_nano.a(lib_a-findfp.o)
                0x0000000008001f5c                __sinit_lock_release
 .text.__sinit  0x0000000008001f68       0x70 c:/st/stm32cubeide_1.10.1/stm32cubeide/plugins/com.st.stm32cube.ide.mcu.externaltools.gnu-tools-for-stm32.10.3-2021.10.win32_1.0.0.202111181127/tools/bin/../lib/gcc/arm-none-eabi/10.3.1/../../../../arm-none-eabi/lib/thumb/v7e-m+fp/hard\libc_nano.a(lib_a-findfp.o)
                0x0000000008001f68                __sinit
 .text.__sfp    0x0000000008001fd8       0x8c c:/st/stm32cubeide_1.10.1/stm32cubeide/plugins/com.st.stm32cube.ide.mcu.externaltools.gnu-tools-for-stm32.10.3-2021.10.win32_1.0.0.202111181127/tools/bin/../lib/gcc/arm-none-eabi/10.3.1/../../../../arm-none-eabi/lib/thumb/v7e-m+fp/hard\libc_nano.a(lib_a-findfp.o)
                0x0000000008001fd8                __sfp
 .text._fwalk_reent
                0x0000000008002064       0x3e c:/st/stm32cubeide_1.10.1/stm32cubeide/plugins/com.st.stm32cube.ide.mcu.externaltools.gnu-tools-for-stm32.10.3-2021.10.win32_1.0.0.202111181127/tools/bin/../lib/gcc/arm-none-eabi/10.3.1/../../../../arm-none-eabi/lib/thumb/v7e-m+fp/hard\libc_nano.a(lib_a-fwalk.o)
                0x0000000008002064                _fwalk_reent
 .text.__retarget_lock_init_recursive
                0x00000000080020a2        0x2 c:/st/stm32cubeide_1.10.1/stm32cubeide/plugins/com.st.stm32cube.ide.mcu.externaltools.gnu-tools-for-stm32.10.3-2021.10.win32_1.0.0.202111181127/tools/bin/../lib/gcc/arm-none-eabi/10.3.1/../../../../arm-none-eabi/lib/thumb/v7e-m+fp/hard\libc_nano.a(lib_a-lock.o)
                0x00000000080020a2                __retarget_lock_init_recursive
 .text.__retarget_lock_acquire_recursive
                0x00000000080020a4        0x2 c:/st/stm32cubeide_1.10.1/stm32cubeide/plugins/com.st.stm32cube.ide.mcu.externaltools.gnu-tools-for-stm32.10.3-2021.10.win32_1.0.0.202111181127/tools/bin/../lib/gcc/arm-none-eabi/10.3.1/../../../../arm-none-eabi/lib/thumb/v7e-m+fp/hard\libc_nano.a(lib_a-lock.o)
                0x00000000080020a4                __retarget_lock_acquire_recursive
 .text.__retarget_lock_release_recursive
                0x00000000080020a6        0x2 c:/st/stm32cubeide_1.10.1/stm32cubeide/plugins/com.st.stm32cube.ide.mcu.externaltools.gnu-tools-for-stm32.10.3-2021.10.win32_1.0.0.202111181127/tools/bin/../lib/gcc/arm-none-eabi/10.3.1/../../../../arm-none-eabi/lib/thumb/v7e-m+fp/hard\libc_nano.a(lib_a-lock.o)
                0x00000000080020a6                __retarget_lock_release_recursive
 .text.__swhatbuf_r
                0x00000000080020a8       0x4a c:/st/stm32cubeide_1.10.1/stm32cubeide/plugins/com.st.stm32cube.ide.mcu.externaltools.gnu-tools-for-stm32.10.3-2021.10.win32_1.0.0.202111181127/tools/bin/../lib/gcc/arm-none-eabi/10.3.1/../../../../arm-none-eabi/lib/thumb/v7e-m+fp/hard\libc_nano.a(lib_a-makebuf.o)
                0x00000000080020a8                __swhatbuf_r
 *fill*         0x00000000080020f2        0x2 
 .text.__smakebuf_r
                0x00000000080020f4       0x80 c:/st/stm32cubeide_1.10.1/stm32cubeide/plugins/com.st.stm32cube.ide.mcu.externaltools.gnu-tools-for-stm32.10.3-2021.10.win32_1.0.0.202111181127/tools/bin/../lib/gcc/arm-none-eabi/10.3.1/../../../../arm-none-eabi/lib/thumb/v7e-m+fp/hard\libc_nano.a(lib_a-makebuf.o)
                0x00000000080020f4                __smakebuf_r
 .text._free_r  0x0000000008002174       0x98 c:/st/stm32cubeide_1.10.1/stm32cubeide/plugins/com.st.stm32cube.ide.mcu.externaltools.gnu-tools-for-stm32.10.3-2021.10.win32_1.0.0.202111181127/tools/bin/../lib/gcc/arm-none-eabi/10.3.1/../../../../arm-none-eabi/lib/thumb/v7e-m+fp/hard\libc_nano.a(lib_a-nano-freer.o)
                0x0000000008002174                _free_r
 .text.sbrk_aligned
                0x000000000800220c       0x40 c:/st/stm32cubeide_1.10.1/stm32cubeide/plugins/com.st.stm32cube.ide.mcu.externaltools.gnu-tools-for-stm32.10.3-2021.10.win32_1.0.0.202111181127/tools/bin/../lib/gcc/arm-none-eabi/10.3.1/../../../../arm-none-eabi/lib/thumb/v7e-m+fp/hard\libc_nano.a(lib_a-nano-mallocr.o)
 .text._malloc_r
                0x000000000800224c       0xe8 c:/st/stm32cubeide_1.10.1/stm32cubeide/plugins/com.st.stm32cube.ide.mcu.externaltools.gnu-tools-for-stm32.10.3-2021.10.win32_1.0.0.202111181127/tools/bin/../lib/gcc/arm-none-eabi/10.3.1/../../../../arm-none-eabi/lib/thumb/v7e-m+fp/hard\libc_nano.a(lib_a-nano-mallocr.o)
                0x000000000800224c                _malloc_r
 .text.__sfputc_r
                0x0000000008002334       0x2e c:/st/stm32cubeide_1.10.1/stm32cubeide/plugins/com.st.stm32cube.ide.mcu.externaltools.gnu-tools-for-stm32.10.3-2021.10.win32_1.0.0.202111181127/tools/bin/../lib/gcc/arm-none-eabi/10.3.1/../../../../arm-none-eabi/lib/thumb/v7e-m+fp/hard\libc_nano.a(lib_a-nano-vfprintf.o)
 .text.__sfputs_r
                0x0000000008002362       0x24 c:/st/stm32cubeide_1.10.1/stm32cubeide/plugins/com.st.stm32cube.ide.mcu.externaltools.gnu-tools-for-stm32.10.3-2021.10.win32_1.0.0.202111181127/tools/bin/../lib/gcc/arm-none-eabi/10.3.1/../../../../arm-none-eabi/lib/thumb/v7e-m+fp/hard\libc_nano.a(lib_a-nano-vfprintf.o)
                0x0000000008002362                __sfputs_r
 *fill*         0x0000000008002386        0x2 
 .text._vfprintf_r
                0x0000000008002388      0x260 c:/st/stm32cubeide_1.10.1/stm32cubeide/plugins/com.st.stm32cube.ide.mcu.externaltools.gnu-tools-for-stm32.10.3-2021.10.win32_1.0.0.202111181127/tools/bin/../lib/gcc/arm-none-eabi/10.3.1/../../../../arm-none-eabi/lib/thumb/v7e-m+fp/hard\libc_nano.a(lib_a-nano-vfprintf.o)
                0x0000000008002388                _vfprintf_r
                0x0000000008002388                _vfiprintf_r
 .text._printf_common
                0x00000000080025e8       0xda c:/st/stm32cubeide_1.10.1/stm32cubeide/plugins/com.st.stm32cube.ide.mcu.externaltools.gnu-tools-for-stm32.10.3-2021.10.win32_1.0.0.202111181127/tools/bin/../lib/gcc/arm-none-eabi/10.3.1/../../../../arm-none-eabi/lib/thumb/v7e-m+fp/hard\libc_nano.a(lib_a-nano-vfprintf_i.o)
                0x00000000080025e8                _printf_common
 *fill*         0x00000000080026c2        0x2 
 .text._printf_i
                0x00000000080026c4      0x24c c:/st/stm32cubeide_1.10.1/stm32cubeide/plugins/com.st.stm32cube.ide.mcu.externaltools.gnu-tools-for-stm32.10.3-2021.10.win32_1.0.0.202111181127/tools/bin/../lib/gcc/arm-none-eabi/10.3.1/../../../../arm-none-eabi/lib/thumb/v7e-m+fp/hard\libc_nano.a(lib_a-nano-vfprintf_i.o)
                0x00000000080026c4                _printf_i
 .text._sbrk_r  0x0000000008002910       0x20 c:/st/stm32cubeide_1.10.1/stm32cubeide/plugins/com.st.stm32cube.ide.mcu.externaltools.gnu-tools-for-stm32.10.3-2021.10.win32_1.0.0.202111181127/tools/bin/../lib/gcc/arm-none-eabi/10.3.1/../../../../arm-none-eabi/lib/thumb/v7e-m+fp/hard\libc_nano.a(lib_a-sbrkr.o)
                0x0000000008002910                _sbrk_r
 .text.__sread  0x0000000008002930       0x22 c:/st/stm32cubeide_1.10.1/stm32cubeide/plugins/com.st.stm32cube.ide.mcu.externaltools.gnu-tools-for-stm32.10.3-2021.10.win32_1.0.0.202111181127/tools/bin/../lib/gcc/arm-none-eabi/10.3.1/../../../../arm-none-eabi/lib/thumb/v7e-m+fp/hard\libc_nano.a(lib_a-stdio.o)
                0x0000000008002930                __sread
 .text.__swrite
                0x0000000008002952       0x38 c:/st/stm32cubeide_1.10.1/stm32cubeide/plugins/com.st.stm32cube.ide.mcu.externaltools.gnu-tools-for-stm32.10.3-2021.10.win32_1.0.0.202111181127/tools/bin/../lib/gcc/arm-none-eabi/10.3.1/../../../../arm-none-eabi/lib/thumb/v7e-m+fp/hard\libc_nano.a(lib_a-stdio.o)
                0x0000000008002952                __swrite
 .text.__sseek  0x000000000800298a       0x24 c:/st/stm32cubeide_1.10.1/stm32cubeide/plugins/com.st.stm32cube.ide.mcu.externaltools.gnu-tools-for-stm32.10.3-2021.10.win32_1.0.0.202111181127/tools/bin/../lib/gcc/arm-none-eabi/10.3.1/../../../../arm-none-eabi/lib/thumb/v7e-m+fp/hard\libc_nano.a(lib_a-stdio.o)
                0x000000000800298a                __sseek
 .text.__sclose
                0x00000000080029ae        0x8 c:/st/stm32cubeide_1.10.1/stm32cubeide/plugins/com.st.stm32cube.ide.mcu.externaltools.gnu-tools-for-stm32.10.3-2021.10.win32_1.0.0.202111181127/tools/bin/../lib/gcc/arm-none-eabi/10.3.1/../../../../arm-none-eabi/lib/thumb/v7e-m+fp/hard\libc_nano.a(lib_a-stdio.o)
                0x00000000080029ae                __sclose
 *fill*         0x00000000080029b6        0x2 
 .text._write_r
                0x00000000080029b8       0x24 c:/st/stm32cubeide_1.10.1/stm32cubeide/plugins/com.st.stm32cube.ide.mcu.externaltools.gnu-tools-for-stm32.10.3-2021.10.win32_1.0.0.202111181127/tools/bin/../lib/gcc/arm-none-eabi/10.3.1/../../../../arm-none-eabi/lib/thumb/v7e-m+fp/hard\libc_nano.a(lib_a-writer.o)
                0x00000000080029b8                _write_r
 .text._close_r
                0x00000000080029dc       0x20 c:/st/stm32cubeide_1.10.1/stm32cubeide/plugins/com.st.stm32cube.ide.mcu.externaltools.gnu-tools-for-stm32.10.3-2021.10.win32_1.0.0.202111181127/tools/bin/../lib/gcc/arm-none-eabi/10.3.1/../../../../arm-none-eabi/lib/thumb/v7e-m+fp/hard\libc_nano.a(lib_a-closer.o)
                0x00000000080029dc                _close_r
 .text._fstat_r
                0x00000000080029fc       0x24 c:/st/stm32cubeide_1.10.1/stm32cubeide/plugins/com.st.stm32cube.ide.mcu.externaltools.gnu-tools-for-stm32.10.3-2021.10.win32_1.0.0.202111181127/tools/bin/../lib/gcc/arm-none-eabi/10.3.1/../../../../arm-none-eabi/lib/thumb/v7e-m+fp/hard\libc_nano.a(lib_a-fstatr.o)
                0x00000000080029fc                _fstat_r
 .text._isatty_r
                0x0000000008002a20       0x20 c:/st/stm32cubeide_1.10.1/stm32cubeide/plugins/com.st.stm32cube.ide.mcu.externaltools.gnu-tools-for-stm32.10.3-2021.10.win32_1.0.0.202111181127/tools/bin/../lib/gcc/arm-none-eabi/10.3.1/../../../../arm-none-eabi/lib/thumb/v7e-m+fp/hard\libc_nano.a(lib_a-isattyr.o)
                0x0000000008002a20                _isatty_r
 .text._lseek_r
                0x0000000008002a40       0x24 c:/st/stm32cubeide_1.10.1/stm32cubeide/plugins/com.st.stm32cube.ide.mcu.externaltools.gnu-tools-for-stm32.10.3-2021.10.win32_1.0.0.202111181127/tools/bin/../lib/gcc/arm-none-eabi/10.3.1/../../../../arm-none-eabi/lib/thumb/v7e-m+fp/hard\libc_nano.a(lib_a-lseekr.o)
                0x0000000008002a40                _lseek_r
 .text.__malloc_lock
                0x0000000008002a64        0xc c:/st/stm32cubeide_1.10.1/stm32cubeide/plugins/com.st.stm32cube.ide.mcu.externaltools.gnu-tools-for-stm32.10.3-2021.10.win32_1.0.0.202111181127/tools/bin/../lib/gcc/arm-none-eabi/10.3.1/../../../../arm-none-eabi/lib/thumb/v7e-m+fp/hard\libc_nano.a(lib_a-mlock.o)
                0x0000000008002a64                __malloc_lock
 .text.__malloc_unlock
                0x0000000008002a70        0xc c:/st/stm32cubeide_1.10.1/stm32cubeide/plugins/com.st.stm32cube.ide.mcu.externaltools.gnu-tools-for-stm32.10.3-2021.10.win32_1.0.0.202111181127/tools/bin/../lib/gcc/arm-none-eabi/10.3.1/../../../../arm-none-eabi/lib/thumb/v7e-m+fp/hard\libc_nano.a(lib_a-mlock.o)
                0x0000000008002a70                __malloc_unlock
 .text._read_r  0x0000000008002a7c       0x24 c:/st/stm32cubeide_1.10.1/stm32cubeide/plugins/com.st.stm32cube.ide.mcu.externaltools.gnu-tools-for-stm32.10.3-2021.10.win32_1.0.0.202111181127/tools/bin/../lib/gcc/arm-none-eabi/10.3.1/../../../../arm-none-eabi/lib/thumb/v7e-m+fp/hard\libc_nano.a(lib_a-readr.o)
                0x0000000008002a7c                _read_r
 *(.glue_7)
 .glue_7        0x0000000008002aa0        0x0 linker stubs
 *(.glue_7t)
 .glue_7t       0x0000000008002aa0        0x0 linker stubs
 *(.eh_frame)
 .eh_frame      0x0000000008002aa0        0x0 c:/st/stm32cubeide_1.10.1/stm32cubeide/plugins/com.st.stm32cube.ide.mcu.externaltools.gnu-tools-for-stm32.10.3-2021.10.win32_1.0.0.202111181127/tools/bin/../lib/gcc/arm-none-eabi/10.3.1/thumb/v7e-m+fp/hard/crtbegin.o
 *(.init)
 .init          0x0000000008002aa0        0x4 c:/st/stm32cubeide_1.10.1/stm32cubeide/plugins/com.st.stm32cube.ide.mcu.externaltools.gnu-tools-for-stm32.10.3-2021.10.win32_1.0.0.202111181127/tools/bin/../lib/gcc/arm-none-eabi/10.3.1/thumb/v7e-m+fp/hard/crti.o
                0x0000000008002aa0                _init
 .init          0x0000000008002aa4        0x8 c:/st/stm32cubeide_1.10.1/stm32cubeide/plugins/com.st.stm32cube.ide.mcu.externaltools.gnu-tools-for-stm32.10.3-2021.10.win32_1.0.0.202111181127/tools/bin/../lib/gcc/arm-none-eabi/10.3.1/thumb/v7e-m+fp/hard/crtn.o
 *(.fini)
 .fini          0x0000000008002aac        0x4 c:/st/stm32cubeide_1.10.1/stm32cubeide/plugins/com.st.stm32cube.ide.mcu.externaltools.gnu-tools-for-stm32.10.3-2021.10.win32_1.0.0.202111181127/tools/bin/../lib/gcc/arm-none-eabi/10.3.1/thumb/v7e-m+fp/hard/crti.o
                0x0000000008002aac                _fini
 .fini          0x0000000008002ab0        0x8 c:/st/stm32cubeide_1.10.1/stm32cubeide/plugins/com.st.stm32cube.ide.mcu.externaltools.gnu-tools-for-stm32.10.3-2021.10.win32_1.0.0.202111181127/tools/bin/../lib/gcc/arm-none-eabi/10.3.1/thumb/v7e-m+fp/hard/crtn.o
                0x0000000008002ab8                . = ALIGN (0x4)
                0x0000000008002ab8                _etext = .

.vfp11_veneer   0x0000000008002ab8        0x0
 .vfp11_veneer  0x0000000008002ab8        0x0 linker stubs

.v4_bx          0x0000000008002ab8        0x0
 .v4_bx         0x0000000008002ab8        0x0 linker stubs

.iplt           0x0000000008002ab8        0x0
 .iplt          0x0000000008002ab8        0x0 c:/st/stm32cubeide_1.10.1/stm32cubeide/plugins/com.st.stm32cube.ide.mcu.externaltools.gnu-tools-for-stm32.10.3-2021.10.win32_1.0.0.202111181127/tools/bin/../lib/gcc/arm-none-eabi/10.3.1/thumb/v7e-m+fp/hard/crtbegin.o

.rodata         0x0000000008002ab8      0x170
                0x0000000008002ab8                . = ALIGN (0x4)
 *(.rodata)
 .rodata        0x0000000008002ab8       0xd8 ./bsp/rtclcd.o
 *(.rodata*)
 .rodata._global_impure_ptr
                0x0000000008002b90        0x4 c:/st/stm32cubeide_1.10.1/stm32cubeide/plugins/com.st.stm32cube.ide.mcu.externaltools.gnu-tools-for-stm32.10.3-2021.10.win32_1.0.0.202111181127/tools/bin/../lib/gcc/arm-none-eabi/10.3.1/../../../../arm-none-eabi/lib/thumb/v7e-m+fp/hard\libc_nano.a(lib_a-impure.o)
                0x0000000008002b90                _global_impure_ptr
 .rodata.__sf_fake_stderr
                0x0000000008002b94       0x20 c:/st/stm32cubeide_1.10.1/stm32cubeide/plugins/com.st.stm32cube.ide.mcu.externaltools.gnu-tools-for-stm32.10.3-2021.10.win32_1.0.0.202111181127/tools/bin/../lib/gcc/arm-none-eabi/10.3.1/../../../../arm-none-eabi/lib/thumb/v7e-m+fp/hard\libc_nano.a(lib_a-findfp.o)
                0x0000000008002b94                __sf_fake_stderr
 .rodata.__sf_fake_stdin
                0x0000000008002bb4       0x20 c:/st/stm32cubeide_1.10.1/stm32cubeide/plugins/com.st.stm32cube.ide.mcu.externaltools.gnu-tools-for-stm32.10.3-2021.10.win32_1.0.0.202111181127/tools/bin/../lib/gcc/arm-none-eabi/10.3.1/../../../../arm-none-eabi/lib/thumb/v7e-m+fp/hard\libc_nano.a(lib_a-findfp.o)
                0x0000000008002bb4                __sf_fake_stdin
 .rodata.__sf_fake_stdout
                0x0000000008002bd4       0x20 c:/st/stm32cubeide_1.10.1/stm32cubeide/plugins/com.st.stm32cube.ide.mcu.externaltools.gnu-tools-for-stm32.10.3-2021.10.win32_1.0.0.202111181127/tools/bin/../lib/gcc/arm-none-eabi/10.3.1/../../../../arm-none-eabi/lib/thumb/v7e-m+fp/hard\libc_nano.a(lib_a-findfp.o)
                0x0000000008002bd4                __sf_fake_stdout
 .rodata._vfprintf_r.str1.1
                0x0000000008002bf4       0x11 c:/st/stm32cubeide_1.10.1/stm32cubeide/plugins/com.st.stm32cube.ide.mcu.externaltools.gnu-tools-for-stm32.10.3-2021.10.win32_1.0.0.202111181127/tools/bin/../lib/gcc/arm-none-eabi/10.3.1/../../../../arm-none-eabi/lib/thumb/v7e-m+fp/hard\libc_nano.a(lib_a-nano-vfprintf.o)
 .rodata._printf_i.str1.1
                0x0000000008002c05       0x22 c:/st/stm32cubeide_1.10.1/stm32cubeide/plugins/com.st.stm32cube.ide.mcu.externaltools.gnu-tools-for-stm32.10.3-2021.10.win32_1.0.0.202111181127/tools/bin/../lib/gcc/arm-none-eabi/10.3.1/../../../../arm-none-eabi/lib/thumb/v7e-m+fp/hard\libc_nano.a(lib_a-nano-vfprintf_i.o)
                0x0000000008002c28                . = ALIGN (0x4)
 *fill*         0x0000000008002c27        0x1 

.rel.dyn        0x0000000008002c28        0x0
 .rel.iplt      0x0000000008002c28        0x0 c:/st/stm32cubeide_1.10.1/stm32cubeide/plugins/com.st.stm32cube.ide.mcu.externaltools.gnu-tools-for-stm32.10.3-2021.10.win32_1.0.0.202111181127/tools/bin/../lib/gcc/arm-none-eabi/10.3.1/thumb/v7e-m+fp/hard/crtbegin.o

.ARM.extab      0x0000000008002c28        0x0
                0x0000000008002c28                . = ALIGN (0x4)
 *(.ARM.extab* .gnu.linkonce.armextab.*)
                0x0000000008002c28                . = ALIGN (0x4)

.ARM            0x0000000008002c28        0x0
                0x0000000008002c28                . = ALIGN (0x4)
                0x0000000008002c28                __exidx_start = .
 *(.ARM.exidx*)
                0x0000000008002c28                __exidx_end = .
                0x0000000008002c28                . = ALIGN (0x4)

.preinit_array  0x0000000008002c28        0x0
                0x0000000008002c28                . = ALIGN (0x4)
                0x0000000008002c28                PROVIDE (__preinit_array_start = .)
 *(.preinit_array*)
                0x0000000008002c28                PROVIDE (__preinit_array_end = .)
                0x0000000008002c28                . = ALIGN (0x4)

.init_array     0x0000000008002c28        0x4
                0x0000000008002c28                . = ALIGN (0x4)
                0x0000000008002c28                PROVIDE (__init_array_start = .)
 *(SORT_BY_NAME(.init_array.*))
 *(.init_array*)
 .init_array    0x0000000008002c28        0x4 c:/st/stm32cubeide_1.10.1/stm32cubeide/plugins/com.st.stm32cube.ide.mcu.externaltools.gnu-tools-for-stm32.10.3-2021.10.win32_1.0.0.202111181127/tools/bin/../lib/gcc/arm-none-eabi/10.3.1/thumb/v7e-m+fp/hard/crtbegin.o
                0x0000000008002c2c                PROVIDE (__init_array_end = .)
                0x0000000008002c2c                . = ALIGN (0x4)

.fini_array     0x0000000008002c2c        0x4
                0x0000000008002c2c                . = ALIGN (0x4)
                [!provide]                        PROVIDE (__fini_array_start = .)
 *(SORT_BY_NAME(.fini_array.*))
 *(.fini_array*)
 .fini_array    0x0000000008002c2c        0x4 c:/st/stm32cubeide_1.10.1/stm32cubeide/plugins/com.st.stm32cube.ide.mcu.externaltools.gnu-tools-for-stm32.10.3-2021.10.win32_1.0.0.202111181127/tools/bin/../lib/gcc/arm-none-eabi/10.3.1/thumb/v7e-m+fp/hard/crtbegin.o
                [!provide]                        PROVIDE (__fini_array_end = .)
                0x0000000008002c30                . = ALIGN (0x4)
                0x0000000008002c30                _sidata = LOADADDR (.data)

.data           0x0000000020000000       0x84 load address 0x0000000008002c30
                0x0000000020000000                . = ALIGN (0x4)
                0x0000000020000000                _sdata = .
 *(.data)
 *(.data*)
 .data.AHBPreScalarValues
                0x0000000020000000       0x10 ./drivers/Src/stm32f407xx_rcc_driver.o
                0x0000000020000000                AHBPreScalarValues
 .data.APB1PreScalarValues
                0x0000000020000010       0x10 ./drivers/Src/stm32f407xx_rcc_driver.o
                0x0000000020000010                APB1PreScalarValues
 .data._impure_ptr
                0x0000000020000020        0x4 c:/st/stm32cubeide_1.10.1/stm32cubeide/plugins/com.st.stm32cube.ide.mcu.externaltools.gnu-tools-for-stm32.10.3-2021.10.win32_1.0.0.202111181127/tools/bin/../lib/gcc/arm-none-eabi/10.3.1/../../../../arm-none-eabi/lib/thumb/v7e-m+fp/hard\libc_nano.a(lib_a-impure.o)
                0x0000000020000020                _impure_ptr
 .data.impure_data
                0x0000000020000024       0x60 c:/st/stm32cubeide_1.10.1/stm32cubeide/plugins/com.st.stm32cube.ide.mcu.externaltools.gnu-tools-for-stm32.10.3-2021.10.win32_1.0.0.202111181127/tools/bin/../lib/gcc/arm-none-eabi/10.3.1/../../../../arm-none-eabi/lib/thumb/v7e-m+fp/hard\libc_nano.a(lib_a-impure.o)
 *(.RamFunc)
 *(.RamFunc*)
                0x0000000020000084                . = ALIGN (0x4)
                0x0000000020000084                _edata = .
                0x0000000008002cb4                _siccmram = LOADADDR (.ccmram)

.igot.plt       0x0000000020000084        0x0 load address 0x0000000008002cb4
 .igot.plt      0x0000000020000084        0x0 c:/st/stm32cubeide_1.10.1/stm32cubeide/plugins/com.st.stm32cube.ide.mcu.externaltools.gnu-tools-for-stm32.10.3-2021.10.win32_1.0.0.202111181127/tools/bin/../lib/gcc/arm-none-eabi/10.3.1/thumb/v7e-m+fp/hard/crtbegin.o

.ccmram         0x0000000010000000        0x0 load address 0x0000000008002cb4
                0x0000000010000000                . = ALIGN (0x4)
                0x0000000010000000                _sccmram = .
 *(.ccmram)
 *(.ccmram*)
                0x0000000010000000                . = ALIGN (0x4)
                0x0000000010000000                _eccmram = .
                0x0000000010000000                . = ALIGN (0x4)

.bss            0x0000000020000084       0x6c
                0x0000000020000084                _sbss = .
                0x0000000020000084                __bss_start__ = _sbss
 *(.bss)
 .bss           0x0000000020000084       0x1c c:/st/stm32cubeide_1.10.1/stm32cubeide/plugins/com.st.stm32cube.ide.mcu.externaltools.gnu-tools-for-stm32.10.3-2021.10.win32_1.0.0.202111181127/tools/bin/../lib/gcc/arm-none-eabi/10.3.1/thumb/v7e-m+fp/hard/crtbegin.o
 *(.bss*)
 .bss.__sbrk_heap_end
                0x00000000200000a0        0x4 ./Src/sysmem.o
 .bss.g_ds1307I2CHandle
                0x00000000200000a4       0x28 ./bsp/ds1307.o
                0x00000000200000a4                g_ds1307I2CHandle
 .bss.buf.1     0x00000000200000cc        0x9 ./bsp/rtclcd.o
 *fill*         0x00000000200000d5        0x3 
 .bss.buf.0     0x00000000200000d8        0x9 ./bsp/rtclcd.o
 .bss.__lock___malloc_recursive_mutex
                0x00000000200000e1        0x1 c:/st/stm32cubeide_1.10.1/stm32cubeide/plugins/com.st.stm32cube.ide.mcu.externaltools.gnu-tools-for-stm32.10.3-2021.10.win32_1.0.0.202111181127/tools/bin/../lib/gcc/arm-none-eabi/10.3.1/../../../../arm-none-eabi/lib/thumb/v7e-m+fp/hard\libc_nano.a(lib_a-lock.o)
                0x00000000200000e1                __lock___malloc_recursive_mutex
 .bss.__lock___sfp_recursive_mutex
                0x00000000200000e2        0x1 c:/st/stm32cubeide_1.10.1/stm32cubeide/plugins/com.st.stm32cube.ide.mcu.externaltools.gnu-tools-for-stm32.10.3-2021.10.win32_1.0.0.202111181127/tools/bin/../lib/gcc/arm-none-eabi/10.3.1/../../../../arm-none-eabi/lib/thumb/v7e-m+fp/hard\libc_nano.a(lib_a-lock.o)
                0x00000000200000e2                __lock___sfp_recursive_mutex
 .bss.__lock___sinit_recursive_mutex
                0x00000000200000e3        0x1 c:/st/stm32cubeide_1.10.1/stm32cubeide/plugins/com.st.stm32cube.ide.mcu.externaltools.gnu-tools-for-stm32.10.3-2021.10.win32_1.0.0.202111181127/tools/bin/../lib/gcc/arm-none-eabi/10.3.1/../../../../arm-none-eabi/lib/thumb/v7e-m+fp/hard\libc_nano.a(lib_a-lock.o)
                0x00000000200000e3                __lock___sinit_recursive_mutex
 .bss.__malloc_free_list
                0x00000000200000e4        0x4 c:/st/stm32cubeide_1.10.1/stm32cubeide/plugins/com.st.stm32cube.ide.mcu.externaltools.gnu-tools-for-stm32.10.3-2021.10.win32_1.0.0.202111181127/tools/bin/../lib/gcc/arm-none-eabi/10.3.1/../../../../arm-none-eabi/lib/thumb/v7e-m+fp/hard\libc_nano.a(lib_a-nano-mallocr.o)
                0x00000000200000e4                __malloc_free_list
 .bss.__malloc_sbrk_start
                0x00000000200000e8        0x4 c:/st/stm32cubeide_1.10.1/stm32cubeide/plugins/com.st.stm32cube.ide.mcu.externaltools.gnu-tools-for-stm32.10.3-2021.10.win32_1.0.0.202111181127/tools/bin/../lib/gcc/arm-none-eabi/10.3.1/../../../../arm-none-eabi/lib/thumb/v7e-m+fp/hard\libc_nano.a(lib_a-nano-mallocr.o)
                0x00000000200000e8                __malloc_sbrk_start
 .bss.errno     0x00000000200000ec        0x4 c:/st/stm32cubeide_1.10.1/stm32cubeide/plugins/com.st.stm32cube.ide.mcu.externaltools.gnu-tools-for-stm32.10.3-2021.10.win32_1.0.0.202111181127/tools/bin/../lib/gcc/arm-none-eabi/10.3.1/../../../../arm-none-eabi/lib/thumb/v7e-m+fp/hard\libc_nano.a(lib_a-reent.o)
                0x00000000200000ec                errno
 *(COMMON)
                0x00000000200000f0                . = ALIGN (0x4)
                0x00000000200000f0                _ebss = .
                0x00000000200000f0                __bss_end__ = _ebss

._user_heap_stack
                0x00000000200000f0      0x600
                0x00000000200000f0                . = ALIGN (0x8)
                [!provide]                        PROVIDE (end = .)
                0x00000000200000f0                PROVIDE (_end = .)
                0x00000000200002f0                . = (. + _Min_Heap_Size)
 *fill*         0x00000000200000f0      0x200 
                0x00000000200006f0                . = (. + _Min_Stack_Size)
 *fill*         0x00000000200002f0      0x400 
                0x00000000200006f0                . = ALIGN (0x8)

/DISCARD/
 libc.a(*)
 libm.a(*)
 libgcc.a(*)

.ARM.attributes
                0x0000000000000000       0x30
 *(.ARM.attributes)
 .ARM.attributes
                0x0000000000000000       0x1e c:/st/stm32cubeide_1.10.1/stm32cubeide/plugins/com.st.stm32cube.ide.mcu.externaltools.gnu-tools-for-stm32.10.3-2021.10.win32_1.0.0.202111181127/tools/bin/../lib/gcc/arm-none-eabi/10.3.1/thumb/v7e-m+fp/hard/crti.o
 .ARM.attributes
                0x000000000000001e       0x34 c:/st/stm32cubeide_1.10.1/stm32cubeide/plugins/com.st.stm32cube.ide.mcu.externaltools.gnu-tools-for-stm32.10.3-2021.10.win32_1.0.0.202111181127/tools/bin/../lib/gcc/arm-none-eabi/10.3.1/thumb/v7e-m+fp/hard/crtbegin.o
 .ARM.attributes
                0x0000000000000052       0x34 ./Src/syscalls.o
 .ARM.attributes
                0x0000000000000086       0x34 ./Src/sysmem.o
 .ARM.attributes
                0x00000000000000ba       0x21 ./Startup/startup_stm32f407vgtx.o
 .ARM.attributes
                0x00000000000000db       0x34 ./bsp/ds1307.o
 .ARM.attributes
                0x000000000000010f       0x34 ./bsp/lcd.o
 .ARM.attributes
                0x0000000000000143       0x34 ./bsp/rtclcd.o
 .ARM.attributes
                0x0000000000000177       0x34 ./drivers/Src/stm32f407xx_gpio_driver.o
 .ARM.attributes
                0x00000000000001ab       0x34 ./drivers/Src/stm32f407xx_i2c_driver.o
 .ARM.attributes
                0x00000000000001df       0x34 ./drivers/Src/stm32f407xx_rcc_driver.o
 .ARM.attributes
                0x0000000000000213       0x34 c:/st/stm32cubeide_1.10.1/stm32cubeide/plugins/com.st.stm32cube.ide.mcu.externaltools.gnu-tools-for-stm32.10.3-2021.10.win32_1.0.0.202111181127/tools/bin/../lib/gcc/arm-none-eabi/10.3.1/../../../../arm-none-eabi/lib/thumb/v7e-m+fp/hard\libc_nano.a(lib_a-errno.o)
 .ARM.attributes
                0x0000000000000247       0x34 c:/st/stm32cubeide_1.10.1/stm32cubeide/plugins/com.st.stm32cube.ide.mcu.externaltools.gnu-tools-for-stm32.10.3-2021.10.win32_1.0.0.202111181127/tools/bin/../lib/gcc/arm-none-eabi/10.3.1/../../../../arm-none-eabi/lib/thumb/v7e-m+fp/hard\libc_nano.a(lib_a-impure.o)
 .ARM.attributes
                0x000000000000027b       0x34 c:/st/stm32cubeide_1.10.1/stm32cubeide/plugins/com.st.stm32cube.ide.mcu.externaltools.gnu-tools-for-stm32.10.3-2021.10.win32_1.0.0.202111181127/tools/bin/../lib/gcc/arm-none-eabi/10.3.1/../../../../arm-none-eabi/lib/thumb/v7e-m+fp/hard\libc_nano.a(lib_a-init.o)
 .ARM.attributes
                0x00000000000002af       0x34 c:/st/stm32cubeide_1.10.1/stm32cubeide/plugins/com.st.stm32cube.ide.mcu.externaltools.gnu-tools-for-stm32.10.3-2021.10.win32_1.0.0.202111181127/tools/bin/../lib/gcc/arm-none-eabi/10.3.1/../../../../arm-none-eabi/lib/thumb/v7e-m+fp/hard\libc_nano.a(lib_a-memset.o)
 .ARM.attributes
                0x00000000000002e3       0x34 c:/st/stm32cubeide_1.10.1/stm32cubeide/plugins/com.st.stm32cube.ide.mcu.externaltools.gnu-tools-for-stm32.10.3-2021.10.win32_1.0.0.202111181127/tools/bin/../lib/gcc/arm-none-eabi/10.3.1/../../../../arm-none-eabi/lib/thumb/v7e-m+fp/hard\libc_nano.a(lib_a-printf.o)
 .ARM.attributes
                0x0000000000000317       0x34 c:/st/stm32cubeide_1.10.1/stm32cubeide/plugins/com.st.stm32cube.ide.mcu.externaltools.gnu-tools-for-stm32.10.3-2021.10.win32_1.0.0.202111181127/tools/bin/../lib/gcc/arm-none-eabi/10.3.1/../../../../arm-none-eabi/lib/thumb/v7e-m+fp/hard\libc_nano.a(lib_a-puts.o)
 .ARM.attributes
                0x000000000000034b       0x34 c:/st/stm32cubeide_1.10.1/stm32cubeide/plugins/com.st.stm32cube.ide.mcu.externaltools.gnu-tools-for-stm32.10.3-2021.10.win32_1.0.0.202111181127/tools/bin/../lib/gcc/arm-none-eabi/10.3.1/../../../../arm-none-eabi/lib/thumb/v7e-m+fp/hard\libc_nano.a(lib_a-wbuf.o)
 .ARM.attributes
                0x000000000000037f       0x34 c:/st/stm32cubeide_1.10.1/stm32cubeide/plugins/com.st.stm32cube.ide.mcu.externaltools.gnu-tools-for-stm32.10.3-2021.10.win32_1.0.0.202111181127/tools/bin/../lib/gcc/arm-none-eabi/10.3.1/../../../../arm-none-eabi/lib/thumb/v7e-m+fp/hard\libc_nano.a(lib_a-wsetup.o)
 .ARM.attributes
                0x00000000000003b3       0x34 c:/st/stm32cubeide_1.10.1/stm32cubeide/plugins/com.st.stm32cube.ide.mcu.externaltools.gnu-tools-for-stm32.10.3-2021.10.win32_1.0.0.202111181127/tools/bin/../lib/gcc/arm-none-eabi/10.3.1/../../../../arm-none-eabi/lib/thumb/v7e-m+fp/hard\libc_nano.a(lib_a-fflush.o)
 .ARM.attributes
                0x00000000000003e7       0x34 c:/st/stm32cubeide_1.10.1/stm32cubeide/plugins/com.st.stm32cube.ide.mcu.externaltools.gnu-tools-for-stm32.10.3-2021.10.win32_1.0.0.202111181127/tools/bin/../lib/gcc/arm-none-eabi/10.3.1/../../../../arm-none-eabi/lib/thumb/v7e-m+fp/hard\libc_nano.a(lib_a-findfp.o)
 .ARM.attributes
                0x000000000000041b       0x34 c:/st/stm32cubeide_1.10.1/stm32cubeide/plugins/com.st.stm32cube.ide.mcu.externaltools.gnu-tools-for-stm32.10.3-2021.10.win32_1.0.0.202111181127/tools/bin/../lib/gcc/arm-none-eabi/10.3.1/../../../../arm-none-eabi/lib/thumb/v7e-m+fp/hard\libc_nano.a(lib_a-fwalk.o)
 .ARM.attributes
                0x000000000000044f       0x34 c:/st/stm32cubeide_1.10.1/stm32cubeide/plugins/com.st.stm32cube.ide.mcu.externaltools.gnu-tools-for-stm32.10.3-2021.10.win32_1.0.0.202111181127/tools/bin/../lib/gcc/arm-none-eabi/10.3.1/../../../../arm-none-eabi/lib/thumb/v7e-m+fp/hard\libc_nano.a(lib_a-lock.o)
 .ARM.attributes
                0x0000000000000483       0x34 c:/st/stm32cubeide_1.10.1/stm32cubeide/plugins/com.st.stm32cube.ide.mcu.externaltools.gnu-tools-for-stm32.10.3-2021.10.win32_1.0.0.202111181127/tools/bin/../lib/gcc/arm-none-eabi/10.3.1/../../../../arm-none-eabi/lib/thumb/v7e-m+fp/hard\libc_nano.a(lib_a-makebuf.o)
 .ARM.attributes
                0x00000000000004b7       0x34 c:/st/stm32cubeide_1.10.1/stm32cubeide/plugins/com.st.stm32cube.ide.mcu.externaltools.gnu-tools-for-stm32.10.3-2021.10.win32_1.0.0.202111181127/tools/bin/../lib/gcc/arm-none-eabi/10.3.1/../../../../arm-none-eabi/lib/thumb/v7e-m+fp/hard\libc_nano.a(lib_a-nano-freer.o)
 .ARM.attributes
                0x00000000000004eb       0x34 c:/st/stm32cubeide_1.10.1/stm32cubeide/plugins/com.st.stm32cube.ide.mcu.externaltools.gnu-tools-for-stm32.10.3-2021.10.win32_1.0.0.202111181127/tools/bin/../lib/gcc/arm-none-eabi/10.3.1/../../../../arm-none-eabi/lib/thumb/v7e-m+fp/hard\libc_nano.a(lib_a-nano-mallocr.o)
 .ARM.attributes
                0x000000000000051f       0x34 c:/st/stm32cubeide_1.10.1/stm32cubeide/plugins/com.st.stm32cube.ide.mcu.externaltools.gnu-tools-for-stm32.10.3-2021.10.win32_1.0.0.202111181127/tools/bin/../lib/gcc/arm-none-eabi/10.3.1/../../../../arm-none-eabi/lib/thumb/v7e-m+fp/hard\libc_nano.a(lib_a-nano-vfprintf.o)
 .ARM.attributes
                0x0000000000000553       0x34 c:/st/stm32cubeide_1.10.1/stm32cubeide/plugins/com.st.stm32cube.ide.mcu.externaltools.gnu-tools-for-stm32.10.3-2021.10.win32_1.0.0.202111181127/tools/bin/../lib/gcc/arm-none-eabi/10.3.1/../../../../arm-none-eabi/lib/thumb/v7e-m+fp/hard\libc_nano.a(lib_a-nano-vfprintf_i.o)
 .ARM.attributes
                0x0000000000000587       0x34 c:/st/stm32cubeide_1.10.1/stm32cubeide/plugins/com.st.stm32cube.ide.mcu.externaltools.gnu-tools-for-stm32.10.3-2021.10.win32_1.0.0.202111181127/tools/bin/../lib/gcc/arm-none-eabi/10.3.1/../../../../arm-none-eabi/lib/thumb/v7e-m+fp/hard\libc_nano.a(lib_a-sbrkr.o)
 .ARM.attributes
                0x00000000000005bb       0x34 c:/st/stm32cubeide_1.10.1/stm32cubeide/plugins/com.st.stm32cube.ide.mcu.externaltools.gnu-tools-for-stm32.10.3-2021.10.win32_1.0.0.202111181127/tools/bin/../lib/gcc/arm-none-eabi/10.3.1/../../../../arm-none-eabi/lib/thumb/v7e-m+fp/hard\libc_nano.a(lib_a-stdio.o)
 .ARM.attributes
                0x00000000000005ef       0x34 c:/st/stm32cubeide_1.10.1/stm32cubeide/plugins/com.st.stm32cube.ide.mcu.externaltools.gnu-tools-for-stm32.10.3-2021.10.win32_1.0.0.202111181127/tools/bin/../lib/gcc/arm-none-eabi/10.3.1/../../../../arm-none-eabi/lib/thumb/v7e-m+fp/hard\libc_nano.a(lib_a-writer.o)
 .ARM.attributes
                0x0000000000000623       0x34 c:/st/stm32cubeide_1.10.1/stm32cubeide/plugins/com.st.stm32cube.ide.mcu.externaltools.gnu-tools-for-stm32.10.3-2021.10.win32_1.0.0.202111181127/tools/bin/../lib/gcc/arm-none-eabi/10.3.1/../../../../arm-none-eabi/lib/thumb/v7e-m+fp/hard\libc_nano.a(lib_a-closer.o)
 .ARM.attributes
                0x0000000000000657       0x34 c:/st/stm32cubeide_1.10.1/stm32cubeide/plugins/com.st.stm32cube.ide.mcu.externaltools.gnu-tools-for-stm32.10.3-2021.10.win32_1.0.0.202111181127/tools/bin/../lib/gcc/arm-none-eabi/10.3.1/../../../../arm-none-eabi/lib/thumb/v7e-m+fp/hard\libc_nano.a(lib_a-fstatr.o)
 .ARM.attributes
                0x000000000000068b       0x34 c:/st/stm32cubeide_1.10.1/stm32cubeide/plugins/com.st.stm32cube.ide.mcu.externaltools.gnu-tools-for-stm32.10.3-2021.10.win32_1.0.0.202111181127/tools/bin/../lib/gcc/arm-none-eabi/10.3.1/../../../../arm-none-eabi/lib/thumb/v7e-m+fp/hard\libc_nano.a(lib_a-isattyr.o)
 .ARM.attributes
                0x00000000000006bf       0x34 c:/st/stm32cubeide_1.10.1/stm32cubeide/plugins/com.st.stm32cube.ide.mcu.externaltools.gnu-tools-for-stm32.10.3-2021.10.win32_1.0.0.202111181127/tools/bin/../lib/gcc/arm-none-eabi/10.3.1/../../../../arm-none-eabi/lib/thumb/v7e-m+fp/hard\libc_nano.a(lib_a-lseekr.o)
 .ARM.attributes
                0x00000000000006f3       0x1c c:/st/stm32cubeide_1.10.1/stm32cubeide/plugins/com.st.stm32cube.ide.mcu.externaltools.gnu-tools-for-stm32.10.3-2021.10.win32_1.0.0.202111181127/tools/bin/../lib/gcc/arm-none-eabi/10.3.1/../../../../arm-none-eabi/lib/thumb/v7e-m+fp/hard\libc_nano.a(lib_a-memchr.o)
 .ARM.attributes
                0x000000000000070f       0x34 c:/st/stm32cubeide_1.10.1/stm32cubeide/plugins/com.st.stm32cube.ide.mcu.externaltools.gnu-tools-for-stm32.10.3-2021.10.win32_1.0.0.202111181127/tools/bin/../lib/gcc/arm-none-eabi/10.3.1/../../../../arm-none-eabi/lib/thumb/v7e-m+fp/hard\libc_nano.a(lib_a-mlock.o)
 .ARM.attributes
                0x0000000000000743       0x34 c:/st/stm32cubeide_1.10.1/stm32cubeide/plugins/com.st.stm32cube.ide.mcu.externaltools.gnu-tools-for-stm32.10.3-2021.10.win32_1.0.0.202111181127/tools/bin/../lib/gcc/arm-none-eabi/10.3.1/../../../../arm-none-eabi/lib/thumb/v7e-m+fp/hard\libc_nano.a(lib_a-readr.o)
 .ARM.attributes
                0x0000000000000777       0x34 c:/st/stm32cubeide_1.10.1/stm32cubeide/plugins/com.st.stm32cube.ide.mcu.externaltools.gnu-tools-for-stm32.10.3-2021.10.win32_1.0.0.202111181127/tools/bin/../lib/gcc/arm-none-eabi/10.3.1/../../../../arm-none-eabi/lib/thumb/v7e-m+fp/hard\libc_nano.a(lib_a-reent.o)
 .ARM.attributes
                0x00000000000007ab       0x1e c:/st/stm32cubeide_1.10.1/stm32cubeide/plugins/com.st.stm32cube.ide.mcu.externaltools.gnu-tools-for-stm32.10.3-2021.10.win32_1.0.0.202111181127/tools/bin/../lib/gcc/arm-none-eabi/10.3.1/thumb/v7e-m+fp/hard/crtn.o
OUTPUT(Driver Development Project.elf elf32-littlearm)
LOAD linker stubs
LOAD c:/st/stm32cubeide_1.10.1/stm32cubeide/plugins/com.st.stm32cube.ide.mcu.externaltools.gnu-tools-for-stm32.10.3-2021.10.win32_1.0.0.202111181127/tools/bin/../lib/gcc/arm-none-eabi/10.3.1/../../../../arm-none-eabi/lib/thumb/v7e-m+fp/hard\libc.a
LOAD c:/st/stm32cubeide_1.10.1/stm32cubeide/plugins/com.st.stm32cube.ide.mcu.externaltools.gnu-tools-for-stm32.10.3-2021.10.win32_1.0.0.202111181127/tools/bin/../lib/gcc/arm-none-eabi/10.3.1/../../../../arm-none-eabi/lib/thumb/v7e-m+fp/hard\libm.a
LOAD c:/st/stm32cubeide_1.10.1/stm32cubeide/plugins/com.st.stm32cube.ide.mcu.externaltools.gnu-tools-for-stm32.10.3-2021.10.win32_1.0.0.202111181127/tools/bin/../lib/gcc/arm-none-eabi/10.3.1/thumb/v7e-m+fp/hard\libgcc.a

.debug_info     0x0000000000000000     0x2ec9
 .debug_info    0x0000000000000000      0x70f ./Src/syscalls.o
 .debug_info    0x000000000000070f      0x171 ./Src/sysmem.o
 .debug_info    0x0000000000000880       0x22 ./Startup/startup_stm32f407vgtx.o
 .debug_info    0x00000000000008a2      0x75f ./bsp/ds1307.o
 .debug_info    0x0000000000001001      0x3c6 ./bsp/lcd.o
 .debug_info    0x00000000000013c7      0x443 ./bsp/rtclcd.o
 .debug_info    0x000000000000180a      0x78e ./drivers/Src/stm32f407xx_gpio_driver.o
 .debug_info    0x0000000000001f98      0xb56 ./drivers/Src/stm32f407xx_i2c_driver.o
 .debug_info    0x0000000000002aee      0x3db ./drivers/Src/stm32f407xx_rcc_driver.o

.debug_abbrev   0x0000000000000000      0xc09
 .debug_abbrev  0x0000000000000000      0x1af ./Src/syscalls.o
 .debug_abbrev  0x00000000000001af       0xbb ./Src/sysmem.o
 .debug_abbrev  0x000000000000026a       0x12 ./Startup/startup_stm32f407vgtx.o
 .debug_abbrev  0x000000000000027c      0x1b1 ./bsp/ds1307.o
 .debug_abbrev  0x000000000000042d      0x194 ./bsp/lcd.o
 .debug_abbrev  0x00000000000005c1      0x1ca ./bsp/rtclcd.o
 .debug_abbrev  0x000000000000078b      0x173 ./drivers/Src/stm32f407xx_gpio_driver.o
 .debug_abbrev  0x00000000000008fe      0x227 ./drivers/Src/stm32f407xx_i2c_driver.o
 .debug_abbrev  0x0000000000000b25       0xe4 ./drivers/Src/stm32f407xx_rcc_driver.o

.debug_aranges  0x0000000000000000      0x3b0
 .debug_aranges
                0x0000000000000000       0xb0 ./Src/syscalls.o
 .debug_aranges
                0x00000000000000b0       0x20 ./Src/sysmem.o
 .debug_aranges
                0x00000000000000d0       0x28 ./Startup/startup_stm32f407vgtx.o
 .debug_aranges
                0x00000000000000f8       0x70 ./bsp/ds1307.o
 .debug_aranges
                0x0000000000000168       0x70 ./bsp/lcd.o
 .debug_aranges
                0x00000000000001d8       0x58 ./bsp/rtclcd.o
 .debug_aranges
                0x0000000000000230       0x70 ./drivers/Src/stm32f407xx_gpio_driver.o
 .debug_aranges
                0x00000000000002a0       0xe8 ./drivers/Src/stm32f407xx_i2c_driver.o
 .debug_aranges
                0x0000000000000388       0x28 ./drivers/Src/stm32f407xx_rcc_driver.o

.debug_ranges   0x0000000000000000      0x328
 .debug_ranges  0x0000000000000000       0xa0 ./Src/syscalls.o
 .debug_ranges  0x00000000000000a0       0x10 ./Src/sysmem.o
 .debug_ranges  0x00000000000000b0       0x20 ./Startup/startup_stm32f407vgtx.o
 .debug_ranges  0x00000000000000d0       0x60 ./bsp/ds1307.o
 .debug_ranges  0x0000000000000130       0x60 ./bsp/lcd.o
 .debug_ranges  0x0000000000000190       0x48 ./bsp/rtclcd.o
 .debug_ranges  0x00000000000001d8       0x60 ./drivers/Src/stm32f407xx_gpio_driver.o
 .debug_ranges  0x0000000000000238       0xd8 ./drivers/Src/stm32f407xx_i2c_driver.o
 .debug_ranges  0x0000000000000310       0x18 ./drivers/Src/stm32f407xx_rcc_driver.o

.debug_macro    0x0000000000000000     0x3dc1
 .debug_macro   0x0000000000000000      0x25e ./Src/syscalls.o
 .debug_macro   0x000000000000025e      0xa84 ./Src/syscalls.o
 .debug_macro   0x0000000000000ce2       0x22 ./Src/syscalls.o
 .debug_macro   0x0000000000000d04       0x4c ./Src/syscalls.o
 .debug_macro   0x0000000000000d50       0x1e ./Src/syscalls.o
 .debug_macro   0x0000000000000d6e       0x94 ./Src/syscalls.o
 .debug_macro   0x0000000000000e02       0x3c ./Src/syscalls.o
 .debug_macro   0x0000000000000e3e       0x34 ./Src/syscalls.o
 .debug_macro   0x0000000000000e72       0x57 ./Src/syscalls.o
 .debug_macro   0x0000000000000ec9      0x174 ./Src/syscalls.o
 .debug_macro   0x000000000000103d      0x341 ./Src/syscalls.o
 .debug_macro   0x000000000000137e       0x16 ./Src/syscalls.o
 .debug_macro   0x0000000000001394       0x43 ./Src/syscalls.o
 .debug_macro   0x00000000000013d7       0x34 ./Src/syscalls.o
 .debug_macro   0x000000000000140b       0x10 ./Src/syscalls.o
 .debug_macro   0x000000000000141b       0x58 ./Src/syscalls.o
 .debug_macro   0x0000000000001473       0x71 ./Src/syscalls.o
 .debug_macro   0x00000000000014e4       0x1c ./Src/syscalls.o
 .debug_macro   0x0000000000001500      0x12a ./Src/syscalls.o
 .debug_macro   0x000000000000162a       0x10 ./Src/syscalls.o
 .debug_macro   0x000000000000163a       0x35 ./Src/syscalls.o
 .debug_macro   0x000000000000166f       0x10 ./Src/syscalls.o
 .debug_macro   0x000000000000167f       0x10 ./Src/syscalls.o
 .debug_macro   0x000000000000168f       0x10 ./Src/syscalls.o
 .debug_macro   0x000000000000169f       0x6a ./Src/syscalls.o
 .debug_macro   0x0000000000001709       0x1c ./Src/syscalls.o
 .debug_macro   0x0000000000001725       0x52 ./Src/syscalls.o
 .debug_macro   0x0000000000001777       0x22 ./Src/syscalls.o
 .debug_macro   0x0000000000001799       0x10 ./Src/syscalls.o
 .debug_macro   0x00000000000017a9       0x52 ./Src/syscalls.o
 .debug_macro   0x00000000000017fb       0xd5 ./Src/syscalls.o
 .debug_macro   0x00000000000018d0       0x1c ./Src/syscalls.o
 .debug_macro   0x00000000000018ec       0x3d ./Src/syscalls.o
 .debug_macro   0x0000000000001929       0x35 ./Src/syscalls.o
 .debug_macro   0x000000000000195e      0x12c ./Src/syscalls.o
 .debug_macro   0x0000000000001a8a       0x16 ./Src/syscalls.o
 .debug_macro   0x0000000000001aa0       0x16 ./Src/syscalls.o
 .debug_macro   0x0000000000001ab6       0x29 ./Src/syscalls.o
 .debug_macro   0x0000000000001adf       0x10 ./Src/syscalls.o
 .debug_macro   0x0000000000001aef      0x241 ./Src/syscalls.o
 .debug_macro   0x0000000000001d30       0x1c ./Src/syscalls.o
 .debug_macro   0x0000000000001d4c       0x10 ./Src/syscalls.o
 .debug_macro   0x0000000000001d5c       0x10 ./Src/syscalls.o
 .debug_macro   0x0000000000001d6c       0x16 ./Src/syscalls.o
 .debug_macro   0x0000000000001d82      0x145 ./Src/syscalls.o
 .debug_macro   0x0000000000001ec7      0x189 ./Src/syscalls.o
 .debug_macro   0x0000000000002050       0x16 ./Src/syscalls.o
 .debug_macro   0x0000000000002066       0xce ./Src/syscalls.o
 .debug_macro   0x0000000000002134       0xff ./Src/sysmem.o
 .debug_macro   0x0000000000002233      0x23b ./Src/sysmem.o
 .debug_macro   0x000000000000246e      0x103 ./Src/sysmem.o
 .debug_macro   0x0000000000002571      0x1df ./Src/sysmem.o
 .debug_macro   0x0000000000002750      0x18f ./bsp/ds1307.o
 .debug_macro   0x00000000000028df       0x10 ./bsp/ds1307.o
 .debug_macro   0x00000000000028ef       0x20 ./bsp/ds1307.o
 .debug_macro   0x000000000000290f      0x6bb ./bsp/ds1307.o
 .debug_macro   0x0000000000002fca       0xc4 ./bsp/ds1307.o
 .debug_macro   0x000000000000308e       0xc4 ./bsp/ds1307.o
 .debug_macro   0x0000000000003152       0xd6 ./bsp/ds1307.o
 .debug_macro   0x0000000000003228      0x108 ./bsp/ds1307.o
 .debug_macro   0x0000000000003330       0x94 ./bsp/ds1307.o
 .debug_macro   0x00000000000033c4       0xc7 ./bsp/lcd.o
 .debug_macro   0x000000000000348b       0x8e ./bsp/lcd.o
 .debug_macro   0x0000000000003519       0x51 ./bsp/lcd.o
 .debug_macro   0x000000000000356a       0x52 ./bsp/lcd.o
 .debug_macro   0x00000000000035bc      0x235 ./bsp/rtclcd.o
 .debug_macro   0x00000000000037f1       0x16 ./bsp/rtclcd.o
 .debug_macro   0x0000000000003807       0x97 ./bsp/rtclcd.o
 .debug_macro   0x000000000000389e       0xfd ./bsp/rtclcd.o
 .debug_macro   0x000000000000399b       0x58 ./bsp/rtclcd.o
 .debug_macro   0x00000000000039f3       0xc2 ./drivers/Src/stm32f407xx_gpio_driver.o
 .debug_macro   0x0000000000003ab5       0xbe ./drivers/Src/stm32f407xx_gpio_driver.o
 .debug_macro   0x0000000000003b73       0xc2 ./drivers/Src/stm32f407xx_i2c_driver.o
 .debug_macro   0x0000000000003c35       0xd0 ./drivers/Src/stm32f407xx_i2c_driver.o
 .debug_macro   0x0000000000003d05       0xbc ./drivers/Src/stm32f407xx_rcc_driver.o

.debug_line     0x0000000000000000     0x3f51
 .debug_line    0x0000000000000000      0x824 ./Src/syscalls.o
 .debug_line    0x0000000000000824      0x4e5 ./Src/sysmem.o
 .debug_line    0x0000000000000d09       0x84 ./Startup/startup_stm32f407vgtx.o
 .debug_line    0x0000000000000d8d      0x7a7 ./bsp/ds1307.o
 .debug_line    0x0000000000001534      0x628 ./bsp/lcd.o
 .debug_line    0x0000000000001b5c      0x82d ./bsp/rtclcd.o
 .debug_line    0x0000000000002389      0x96b ./drivers/Src/stm32f407xx_gpio_driver.o
 .debug_line    0x0000000000002cf4      0xd11 ./drivers/Src/stm32f407xx_i2c_driver.o
 .debug_line    0x0000000000003a05      0x54c ./drivers/Src/stm32f407xx_rcc_driver.o

.debug_str      0x0000000000000000     0xcea0
 .debug_str     0x0000000000000000     0x8948 ./Src/syscalls.o
                                       0x8b44 (size before relaxing)
 .debug_str     0x0000000000008948      0x9c4 ./Src/sysmem.o
                                       0x5dd2 (size before relaxing)
 .debug_str     0x000000000000930c       0x31 ./Startup/startup_stm32f407vgtx.o
                                         0x7e (size before relaxing)
 .debug_str     0x000000000000933d     0x31e0 ./bsp/ds1307.o
                                       0x9f37 (size before relaxing)
 .debug_str     0x000000000000c51d      0x224 ./bsp/lcd.o
                                       0x6e7a (size before relaxing)
 .debug_str     0x000000000000c741       0xcf ./bsp/rtclcd.o
                                       0xae57 (size before relaxing)
 .debug_str     0x000000000000c810      0x2af ./drivers/Src/stm32f407xx_gpio_driver.o
                                       0x6f2e (size before relaxing)
 .debug_str     0x000000000000cabf      0x321 ./drivers/Src/stm32f407xx_i2c_driver.o
                                       0x7113 (size before relaxing)
 .debug_str     0x000000000000cde0       0xc0 ./drivers/Src/stm32f407xx_rcc_driver.o
                                       0x6d81 (size before relaxing)

.comment        0x0000000000000000       0x50
 .comment       0x0000000000000000       0x50 ./Src/syscalls.o
                                         0x51 (size before relaxing)
 .comment       0x0000000000000050       0x51 ./Src/sysmem.o
 .comment       0x0000000000000050       0x51 ./bsp/ds1307.o
 .comment       0x0000000000000050       0x51 ./bsp/lcd.o
 .comment       0x0000000000000050       0x51 ./bsp/rtclcd.o
 .comment       0x0000000000000050       0x51 ./drivers/Src/stm32f407xx_gpio_driver.o
 .comment       0x0000000000000050       0x51 ./drivers/Src/stm32f407xx_i2c_driver.o
 .comment       0x0000000000000050       0x51 ./drivers/Src/stm32f407xx_rcc_driver.o

.debug_frame    0x0000000000000000     0x15f8
 .debug_frame   0x0000000000000000      0x2d4 ./Src/syscalls.o
 .debug_frame   0x00000000000002d4       0x34 ./Src/sysmem.o
 .debug_frame   0x0000000000000308      0x19c ./bsp/ds1307.o
 .debug_frame   0x00000000000004a4      0x18c ./bsp/lcd.o
 .debug_frame   0x0000000000000630      0x144 ./bsp/rtclcd.o
 .debug_frame   0x0000000000000774      0x1c8 ./drivers/Src/stm32f407xx_gpio_driver.o
 .debug_frame   0x000000000000093c      0x3f8 ./drivers/Src/stm32f407xx_i2c_driver.o
 .debug_frame   0x0000000000000d34       0x60 ./drivers/Src/stm32f407xx_rcc_driver.o
 .debug_frame   0x0000000000000d94       0x20 c:/st/stm32cubeide_1.10.1/stm32cubeide/plugins/com.st.stm32cube.ide.mcu.externaltools.gnu-tools-for-stm32.10.3-2021.10.win32_1.0.0.202111181127/tools/bin/../lib/gcc/arm-none-eabi/10.3.1/../../../../arm-none-eabi/lib/thumb/v7e-m+fp/hard\libc_nano.a(lib_a-errno.o)
 .debug_frame   0x0000000000000db4       0x2c c:/st/stm32cubeide_1.10.1/stm32cubeide/plugins/com.st.stm32cube.ide.mcu.externaltools.gnu-tools-for-stm32.10.3-2021.10.win32_1.0.0.202111181127/tools/bin/../lib/gcc/arm-none-eabi/10.3.1/../../../../arm-none-eabi/lib/thumb/v7e-m+fp/hard\libc_nano.a(lib_a-init.o)
 .debug_frame   0x0000000000000de0       0x20 c:/st/stm32cubeide_1.10.1/stm32cubeide/plugins/com.st.stm32cube.ide.mcu.externaltools.gnu-tools-for-stm32.10.3-2021.10.win32_1.0.0.202111181127/tools/bin/../lib/gcc/arm-none-eabi/10.3.1/../../../../arm-none-eabi/lib/thumb/v7e-m+fp/hard\libc_nano.a(lib_a-memset.o)
 .debug_frame   0x0000000000000e00       0x74 c:/st/stm32cubeide_1.10.1/stm32cubeide/plugins/com.st.stm32cube.ide.mcu.externaltools.gnu-tools-for-stm32.10.3-2021.10.win32_1.0.0.202111181127/tools/bin/../lib/gcc/arm-none-eabi/10.3.1/../../../../arm-none-eabi/lib/thumb/v7e-m+fp/hard\libc_nano.a(lib_a-printf.o)
 .debug_frame   0x0000000000000e74       0x3c c:/st/stm32cubeide_1.10.1/stm32cubeide/plugins/com.st.stm32cube.ide.mcu.externaltools.gnu-tools-for-stm32.10.3-2021.10.win32_1.0.0.202111181127/tools/bin/../lib/gcc/arm-none-eabi/10.3.1/../../../../arm-none-eabi/lib/thumb/v7e-m+fp/hard\libc_nano.a(lib_a-puts.o)
 .debug_frame   0x0000000000000eb0       0x40 c:/st/stm32cubeide_1.10.1/stm32cubeide/plugins/com.st.stm32cube.ide.mcu.externaltools.gnu-tools-for-stm32.10.3-2021.10.win32_1.0.0.202111181127/tools/bin/../lib/gcc/arm-none-eabi/10.3.1/../../../../arm-none-eabi/lib/thumb/v7e-m+fp/hard\libc_nano.a(lib_a-wbuf.o)
 .debug_frame   0x0000000000000ef0       0x2c c:/st/stm32cubeide_1.10.1/stm32cubeide/plugins/com.st.stm32cube.ide.mcu.externaltools.gnu-tools-for-stm32.10.3-2021.10.win32_1.0.0.202111181127/tools/bin/../lib/gcc/arm-none-eabi/10.3.1/../../../../arm-none-eabi/lib/thumb/v7e-m+fp/hard\libc_nano.a(lib_a-wsetup.o)
 .debug_frame   0x0000000000000f1c       0x5c c:/st/stm32cubeide_1.10.1/stm32cubeide/plugins/com.st.stm32cube.ide.mcu.externaltools.gnu-tools-for-stm32.10.3-2021.10.win32_1.0.0.202111181127/tools/bin/../lib/gcc/arm-none-eabi/10.3.1/../../../../arm-none-eabi/lib/thumb/v7e-m+fp/hard\libc_nano.a(lib_a-fflush.o)
 .debug_frame   0x0000000000000f78      0x14c c:/st/stm32cubeide_1.10.1/stm32cubeide/plugins/com.st.stm32cube.ide.mcu.externaltools.gnu-tools-for-stm32.10.3-2021.10.win32_1.0.0.202111181127/tools/bin/../lib/gcc/arm-none-eabi/10.3.1/../../../../arm-none-eabi/lib/thumb/v7e-m+fp/hard\libc_nano.a(lib_a-findfp.o)
 .debug_frame   0x00000000000010c4       0x54 c:/st/stm32cubeide_1.10.1/stm32cubeide/plugins/com.st.stm32cube.ide.mcu.externaltools.gnu-tools-for-stm32.10.3-2021.10.win32_1.0.0.202111181127/tools/bin/../lib/gcc/arm-none-eabi/10.3.1/../../../../arm-none-eabi/lib/thumb/v7e-m+fp/hard\libc_nano.a(lib_a-fwalk.o)
 .debug_frame   0x0000000000001118       0xb0 c:/st/stm32cubeide_1.10.1/stm32cubeide/plugins/com.st.stm32cube.ide.mcu.externaltools.gnu-tools-for-stm32.10.3-2021.10.win32_1.0.0.202111181127/tools/bin/../lib/gcc/arm-none-eabi/10.3.1/../../../../arm-none-eabi/lib/thumb/v7e-m+fp/hard\libc_nano.a(lib_a-lock.o)
 .debug_frame   0x00000000000011c8       0x58 c:/st/stm32cubeide_1.10.1/stm32cubeide/plugins/com.st.stm32cube.ide.mcu.externaltools.gnu-tools-for-stm32.10.3-2021.10.win32_1.0.0.202111181127/tools/bin/../lib/gcc/arm-none-eabi/10.3.1/../../../../arm-none-eabi/lib/thumb/v7e-m+fp/hard\libc_nano.a(lib_a-makebuf.o)
 .debug_frame   0x0000000000001220       0x38 c:/st/stm32cubeide_1.10.1/stm32cubeide/plugins/com.st.stm32cube.ide.mcu.externaltools.gnu-tools-for-stm32.10.3-2021.10.win32_1.0.0.202111181127/tools/bin/../lib/gcc/arm-none-eabi/10.3.1/../../../../arm-none-eabi/lib/thumb/v7e-m+fp/hard\libc_nano.a(lib_a-nano-freer.o)
 .debug_frame   0x0000000000001258       0x4c c:/st/stm32cubeide_1.10.1/stm32cubeide/plugins/com.st.stm32cube.ide.mcu.externaltools.gnu-tools-for-stm32.10.3-2021.10.win32_1.0.0.202111181127/tools/bin/../lib/gcc/arm-none-eabi/10.3.1/../../../../arm-none-eabi/lib/thumb/v7e-m+fp/hard\libc_nano.a(lib_a-nano-mallocr.o)
 .debug_frame   0x00000000000012a4       0xac c:/st/stm32cubeide_1.10.1/stm32cubeide/plugins/com.st.stm32cube.ide.mcu.externaltools.gnu-tools-for-stm32.10.3-2021.10.win32_1.0.0.202111181127/tools/bin/../lib/gcc/arm-none-eabi/10.3.1/../../../../arm-none-eabi/lib/thumb/v7e-m+fp/hard\libc_nano.a(lib_a-nano-vfprintf.o)
 .debug_frame   0x0000000000001350       0x60 c:/st/stm32cubeide_1.10.1/stm32cubeide/plugins/com.st.stm32cube.ide.mcu.externaltools.gnu-tools-for-stm32.10.3-2021.10.win32_1.0.0.202111181127/tools/bin/../lib/gcc/arm-none-eabi/10.3.1/../../../../arm-none-eabi/lib/thumb/v7e-m+fp/hard\libc_nano.a(lib_a-nano-vfprintf_i.o)
 .debug_frame   0x00000000000013b0       0x2c c:/st/stm32cubeide_1.10.1/stm32cubeide/plugins/com.st.stm32cube.ide.mcu.externaltools.gnu-tools-for-stm32.10.3-2021.10.win32_1.0.0.202111181127/tools/bin/../lib/gcc/arm-none-eabi/10.3.1/../../../../arm-none-eabi/lib/thumb/v7e-m+fp/hard\libc_nano.a(lib_a-sbrkr.o)
 .debug_frame   0x00000000000013dc       0x88 c:/st/stm32cubeide_1.10.1/stm32cubeide/plugins/com.st.stm32cube.ide.mcu.externaltools.gnu-tools-for-stm32.10.3-2021.10.win32_1.0.0.202111181127/tools/bin/../lib/gcc/arm-none-eabi/10.3.1/../../../../arm-none-eabi/lib/thumb/v7e-m+fp/hard\libc_nano.a(lib_a-stdio.o)
 .debug_frame   0x0000000000001464       0x2c c:/st/stm32cubeide_1.10.1/stm32cubeide/plugins/com.st.stm32cube.ide.mcu.externaltools.gnu-tools-for-stm32.10.3-2021.10.win32_1.0.0.202111181127/tools/bin/../lib/gcc/arm-none-eabi/10.3.1/../../../../arm-none-eabi/lib/thumb/v7e-m+fp/hard\libc_nano.a(lib_a-writer.o)
 .debug_frame   0x0000000000001490       0x2c c:/st/stm32cubeide_1.10.1/stm32cubeide/plugins/com.st.stm32cube.ide.mcu.externaltools.gnu-tools-for-stm32.10.3-2021.10.win32_1.0.0.202111181127/tools/bin/../lib/gcc/arm-none-eabi/10.3.1/../../../../arm-none-eabi/lib/thumb/v7e-m+fp/hard\libc_nano.a(lib_a-closer.o)
 .debug_frame   0x00000000000014bc       0x2c c:/st/stm32cubeide_1.10.1/stm32cubeide/plugins/com.st.stm32cube.ide.mcu.externaltools.gnu-tools-for-stm32.10.3-2021.10.win32_1.0.0.202111181127/tools/bin/../lib/gcc/arm-none-eabi/10.3.1/../../../../arm-none-eabi/lib/thumb/v7e-m+fp/hard\libc_nano.a(lib_a-fstatr.o)
 .debug_frame   0x00000000000014e8       0x2c c:/st/stm32cubeide_1.10.1/stm32cubeide/plugins/com.st.stm32cube.ide.mcu.externaltools.gnu-tools-for-stm32.10.3-2021.10.win32_1.0.0.202111181127/tools/bin/../lib/gcc/arm-none-eabi/10.3.1/../../../../arm-none-eabi/lib/thumb/v7e-m+fp/hard\libc_nano.a(lib_a-isattyr.o)
 .debug_frame   0x0000000000001514       0x2c c:/st/stm32cubeide_1.10.1/stm32cubeide/plugins/com.st.stm32cube.ide.mcu.externaltools.gnu-tools-for-stm32.10.3-2021.10.win32_1.0.0.202111181127/tools/bin/../lib/gcc/arm-none-eabi/10.3.1/../../../../arm-none-eabi/lib/thumb/v7e-m+fp/hard\libc_nano.a(lib_a-lseekr.o)
 .debug_frame   0x0000000000001540       0x30 c:/st/stm32cubeide_1.10.1/stm32cubeide/plugins/com.st.stm32cube.ide.mcu.externaltools.gnu-tools-for-stm32.10.3-2021.10.win32_1.0.0.202111181127/tools/bin/../lib/gcc/arm-none-eabi/10.3.1/../../../../arm-none-eabi/lib/thumb/v7e-m+fp/hard\libc_nano.a(lib_a-mlock.o)
 .debug_frame   0x0000000000001570       0x2c c:/st/stm32cubeide_1.10.1/stm32cubeide/plugins/com.st.stm32cube.ide.mcu.externaltools.gnu-tools-for-stm32.10.3-2021.10.win32_1.0.0.202111181127/tools/bin/../lib/gcc/arm-none-eabi/10.3.1/../../../../arm-none-eabi/lib/thumb/v7e-m+fp/hard\libc_nano.a(lib_a-readr.o)
 .debug_frame   0x000000000000159c       0x5c c:/st/stm32cubeide_1.10.1/stm32cubeide/plugins/com.st.stm32cube.ide.mcu.externaltools.gnu-tools-for-stm32.10.3-2021.10.win32_1.0.0.202111181127/tools/bin/../lib/gcc/arm-none-eabi/10.3.1/../../../../arm-none-eabi/lib/thumb/v7e-m+fp/hard\libc_nano.a(lib_a-reent.o)
