../drivers/Src/stm32f407xx_spi_driver.c:31:6:SPI_PeriClockControl	16	static
../drivers/Src/stm32f407xx_spi_driver.c:64:6:SPI_Init	24	static
../drivers/Src/stm32f407xx_spi_driver.c:129:6:SPI_DeInit	16	static
../drivers/Src/stm32f407xx_spi_driver.c:144:9:SPI_Get_FlagStatus	16	static
../drivers/Src/stm32f407xx_spi_driver.c:159:6:SPI_SendData	24	static
../drivers/Src/stm32f407xx_spi_driver.c:191:6:SPI_RecieveData	24	static
../drivers/Src/stm32f407xx_spi_driver.c:221:9:SPI_SendDataIT	32	static
../drivers/Src/stm32f407xx_spi_driver.c:240:9:SPI_RecieveDataIT	32	static
../drivers/Src/stm32f407xx_spi_driver.c:260:6:SPI_PeripheralControl	16	static
../drivers/Src/stm32f407xx_spi_driver.c:273:6:SPI_SSIConfig	16	static
../drivers/Src/stm32f407xx_spi_driver.c:285:6:SPI_SSOEConfig	16	static
../drivers/Src/stm32f407xx_spi_driver.c:298:6:SPI_IRQConfig	16	static
../drivers/Src/stm32f407xx_spi_driver.c:342:6:SPI_IRQPriorityConfig	24	static
../drivers/Src/stm32f407xx_spi_driver.c:354:6:SPI_IRQHandling	16	static
../drivers/Src/stm32f407xx_spi_driver.c:375:13:spi_txe_interrupt_handle	16	static
../drivers/Src/stm32f407xx_spi_driver.c:401:13:spi_rxe_interrupt_handle	16	static
../drivers/Src/stm32f407xx_spi_driver.c:427:13:spi_ovr_err_interrupt_handle	16	static
../drivers/Src/stm32f407xx_spi_driver.c:439:6:SPI_ClearOVRFlag	24	static
../drivers/Src/stm32f407xx_spi_driver.c:446:6:SPI_CloseTransmisson	16	static
../drivers/Src/stm32f407xx_spi_driver.c:455:6:SPI_CloseReception	16	static
