../drivers/Src/stm32f407xx_usart_driver.c:13:6:USART_PeriClockControl	16	static
../drivers/Src/stm32f407xx_usart_driver.c:43:6:USART_Init	16	static
../drivers/Src/stm32f407xx_usart_driver.c:117:6:USART_SendData	32	static
../drivers/Src/stm32f407xx_usart_driver.c:162:6:USART_ReceiveData	32	static
../drivers/Src/stm32f407xx_usart_driver.c:224:9:USART_SendDataIT	32	static
../drivers/Src/stm32f407xx_usart_driver.c:248:9:USART_ReceiveDataIT	32	static
../drivers/Src/stm32f407xx_usart_driver.c:270:6:USART_IRQInterruptConfig	16	static
../drivers/Src/stm32f407xx_usart_driver.c:306:6:USART_IRQPriorityConfig	24	static
../drivers/Src/stm32f407xx_usart_driver.c:319:6:USART_IRQHandling	80	static
../drivers/Src/stm32f407xx_usart_driver.c:625:9:USART_GetFlagStatus	16	static
../drivers/Src/stm32f407xx_usart_driver.c:636:6:USART_ClearFlag	16	static
../drivers/Src/stm32f407xx_usart_driver.c:640:6:USART_PeripheralControl	16	static
../drivers/Src/stm32f407xx_usart_driver.c:651:6:USART_SetBaudRate	32	static
