../drivers/Src/stm32f407xx_i2c_driver.c:20:13:I2C_GenerateStartCondition	16	static
../drivers/Src/stm32f407xx_i2c_driver.c:25:13:I2C_ExecuteAddressPhaseWrite	16	static
../drivers/Src/stm32f407xx_i2c_driver.c:33:13:I2C_ExecuteAddressPhaseRead	16	static
../drivers/Src/stm32f407xx_i2c_driver.c:41:13:I2C_MasterHandleRXNEInterrupt	16	static
../drivers/Src/stm32f407xx_i2c_driver.c:91:13:I2C_MasterHandleTXEInterrupt	16	static
../drivers/Src/stm32f407xx_i2c_driver.c:104:13:I2C_ClearADDRFlag	24	static
../drivers/Src/stm32f407xx_i2c_driver.c:144:6:I2C_GenerateStopCondition	16	static
../drivers/Src/stm32f407xx_i2c_driver.c:152:6:I2C_PeriClockControl	16	static
../drivers/Src/stm32f407xx_i2c_driver.c:176:6:I2C_Init	24	static
../drivers/Src/stm32f407xx_i2c_driver.c:239:6:I2C_DeInit	16	static
../drivers/Src/stm32f407xx_i2c_driver.c:259:6:I2C_MasterSendData	24	static
../drivers/Src/stm32f407xx_i2c_driver.c:296:6:I2C_MasterReceiveData	32	static
../drivers/Src/stm32f407xx_i2c_driver.c:377:10:I2C_MasterSendDataIT	32	static
../drivers/Src/stm32f407xx_i2c_driver.c:424:9:I2C_MasterReceiveDataIT	32	static
../drivers/Src/stm32f407xx_i2c_driver.c:455:6:I2C_CloseReceiveData	16	static
../drivers/Src/stm32f407xx_i2c_driver.c:475:6:I2C_CloseSendData	16	static
../drivers/Src/stm32f407xx_i2c_driver.c:490:6:I2C_SlaveSendData	16	static
../drivers/Src/stm32f407xx_i2c_driver.c:495:9:I2C_SlaveReceiveData	16	static
../drivers/Src/stm32f407xx_i2c_driver.c:504:6:I2C_IRQInterruptConfig	16	static
../drivers/Src/stm32f407xx_i2c_driver.c:540:6:I2C_IRQPriorityConfig	24	static
../drivers/Src/stm32f407xx_i2c_driver.c:550:6:I2C_ER_IRQHandling	40	static
../drivers/Src/stm32f407xx_i2c_driver.c:616:6:I2C_EV_IRQHandling	48	static
../drivers/Src/stm32f407xx_i2c_driver.c:735:6:I2C_PeripheralControl	16	static
../drivers/Src/stm32f407xx_i2c_driver.c:746:9:I2C_GetFlagStatus	16	static
../drivers/Src/stm32f407xx_i2c_driver.c:757:6:I2C_ManageAcking	16	static
../drivers/Src/stm32f407xx_i2c_driver.c:771:6:I2C_SlaveEnableDisableCallbackEvents	16	static
