20:08:15 **** Incremental Build of configuration Debug for project Driver Development Project ****
make -j8 all 
arm-none-eabi-gcc "../drivers/Src/stm32f407xx_usart_driver.c" -mcpu=cortex-m4 -std=gnu11 -g3 -DDEBUG -DSTM32 -DSTM32F407G_DISC1 -DSTM32F4 -DSTM32F407VGTx -c -I../Inc -I"C:/Users/tomed/Documents/GitHub/GPIO-Driver/Driver Development Project/drivers/Inc" -O0 -ffunction-sections -fdata-sections -Wall -fstack-usage -MMD -MP -MF"drivers/Src/stm32f407xx_usart_driver.d" -MT"drivers/Src/stm32f407xx_usart_driver.o" --specs=nano.specs -mfpu=fpv4-sp-d16 -mfloat-abi=hard -mthumb -o "drivers/Src/stm32f407xx_usart_driver.o"
arm-none-eabi-gcc -o "Driver Development Project.elf" @"objects.list"   -mcpu=cortex-m4 -T"C:\Users\tomed\Documents\GitHub\GPIO-Driver\Driver Development Project\STM32F407VGTX_FLASH.ld" --specs=nosys.specs -Wl,-Map="Driver Development Project.map" -Wl,--gc-sections -static --specs=nano.specs -mfpu=fpv4-sp-d16 -mfloat-abi=hard -mthumb -Wl,--start-group -lc -lm -Wl,--end-group
Finished building target: Driver Development Project.elf
 
arm-none-eabi-size   Driver\ Development\ Project.elf 
arm-none-eabi-objdump -h -S  Driver\ Development\ Project.elf  > "Driver Development Project.list"
   text	   data	    bss	    dec	    hex	filename
    684	      8	   1568	   2260	    8d4	Driver Development Project.elf
Finished building: default.size.stdout
 
Finished building: Driver Development Project.list
 
